{
  "Entries": [
    {
      "RequestUri": "/subscriptions/7fd08dcc-a653-4b0f-8f8c-4dac889fdda4/resourceGroups/ps9747/providers/Microsoft.Compute/virtualMachineScaleSets/ps9747?api-version=2017-12-01",
      "EncodedRequestUri": "L3N1YnNjcmlwdGlvbnMvN2ZkMDhkY2MtYTY1My00YjBmLThmOGMtNGRhYzg4OWZkZGE0L3Jlc291cmNlR3JvdXBzL3BzOTc0Ny9wcm92aWRlcnMvTWljcm9zb2Z0LkNvbXB1dGUvdmlydHVhbE1hY2hpbmVTY2FsZVNldHMvcHM5NzQ3P2FwaS12ZXJzaW9uPTIwMTctMTItMDE=",
      "RequestMethod": "GET",
      "RequestBody": "",
      "RequestHeaders": {
        "x-ms-client-request-id": [
          "e77a36e4-3dd4-4c0b-8799-d4181feb0033"
        ],
        "accept-language": [
          "en-US"
        ],
        "User-Agent": [
          "FxVersion/4.7.2633.0",
          "OSName/Windows10Pro",
          "OSVersion/6.3.16299",
          "Microsoft.Azure.Management.Compute.ComputeManagementClient/17.3.0.0"
        ]
      },
      "ResponseBody": "{\r\n  \"error\": {\r\n    \"code\": \"ResourceGroupNotFound\",\r\n    \"message\": \"Resource group 'ps9747' could not be found.\"\r\n  }\r\n}",
      "ResponseHeaders": {
        "Content-Length": [
          "98"
        ],
        "Content-Type": [
          "application/json; charset=utf-8"
        ],
        "Expires": [
          "-1"
        ],
        "Pragma": [
          "no-cache"
        ],
        "x-ms-failure-cause": [
          "gateway"
        ],
        "x-ms-request-id": [
          "2c742c6a-2ff2-4c8d-bdf7-efcbf0a0bc59"
        ],
        "x-ms-correlation-request-id": [
          "2c742c6a-2ff2-4c8d-bdf7-efcbf0a0bc59"
        ],
        "x-ms-routing-request-id": [
          "WESTUS2:20180301T023354Z:2c742c6a-2ff2-4c8d-bdf7-efcbf0a0bc59"
        ],
        "Strict-Transport-Security": [
          "max-age=31536000; includeSubDomains"
        ],
        "X-Content-Type-Options": [
          "nosniff"
        ],
        "Cache-Control": [
          "no-cache"
        ],
        "Date": [
          "Thu, 01 Mar 2018 02:33:54 GMT"
        ]
      },
      "StatusCode": 404
    },
    {
      "RequestUri": "/subscriptions/7fd08dcc-a653-4b0f-8f8c-4dac889fdda4/resourceGroups/ps9747/providers/Microsoft.Compute/virtualMachineScaleSets/ps9747?api-version=2017-12-01",
      "EncodedRequestUri": "L3N1YnNjcmlwdGlvbnMvN2ZkMDhkY2MtYTY1My00YjBmLThmOGMtNGRhYzg4OWZkZGE0L3Jlc291cmNlR3JvdXBzL3BzOTc0Ny9wcm92aWRlcnMvTWljcm9zb2Z0LkNvbXB1dGUvdmlydHVhbE1hY2hpbmVTY2FsZVNldHMvcHM5NzQ3P2FwaS12ZXJzaW9uPTIwMTctMTItMDE=",
      "RequestMethod": "GET",
      "RequestBody": "",
      "RequestHeaders": {
        "User-Agent": [
          "FxVersion/4.7.2633.0",
          "OSName/Windows10Pro",
          "OSVersion/6.3.16299",
          "Microsoft.Azure.Management.Compute.ComputeManagementClient/17.3.0.0"
        ]
      },
      "ResponseBody": "{\r\n  \"sku\": {\r\n    \"name\": \"Standard_DS1_v2\",\r\n    \"tier\": \"Standard\",\r\n    \"capacity\": 2\r\n  },\r\n  \"properties\": {\r\n    \"singlePlacementGroup\": true,\r\n    \"upgradePolicy\": {\r\n      \"mode\": \"Manual\",\r\n      \"automaticOSUpgrade\": false\r\n    },\r\n    \"virtualMachineProfile\": {\r\n      \"osProfile\": {\r\n        \"computerNamePrefix\": \"ps9747\",\r\n        \"adminUsername\": \"admin01\",\r\n        \"windowsConfiguration\": {\r\n          \"provisionVMAgent\": true,\r\n          \"enableAutomaticUpdates\": true\r\n        },\r\n        \"secrets\": []\r\n      },\r\n      \"storageProfile\": {\r\n        \"osDisk\": {\r\n          \"createOption\": \"FromImage\",\r\n          \"caching\": \"None\",\r\n          \"managedDisk\": {\r\n            \"storageAccountType\": \"Premium_LRS\"\r\n          }\r\n        },\r\n        \"imageReference\": {\r\n          \"publisher\": \"MicrosoftWindowsServer\",\r\n          \"offer\": \"WindowsServer\",\r\n          \"sku\": \"2016-Datacenter\",\r\n          \"version\": \"latest\"\r\n        }\r\n      },\r\n      \"networkProfile\": {\r\n        \"networkInterfaceConfigurations\": [\r\n          {\r\n            \"name\": \"ps9747\",\r\n            \"properties\": {\r\n              \"primary\": true,\r\n              \"enableAcceleratedNetworking\": false,\r\n              \"dnsSettings\": {\r\n                \"dnsServers\": []\r\n              },\r\n              \"enableIPForwarding\": false,\r\n              \"ipConfigurations\": [\r\n                {\r\n                  \"name\": \"ps9747\",\r\n                  \"properties\": {\r\n                    \"subnet\": {\r\n                      \"id\": \"/subscriptions/7fd08dcc-a653-4b0f-8f8c-4dac889fdda4/resourceGroups/ps9747/providers/Microsoft.Network/virtualNetworks/ps9747/subnets/ps9747\"\r\n                    },\r\n                    \"privateIPAddressVersion\": \"IPv4\",\r\n                    \"loadBalancerBackendAddressPools\": [\r\n                      {\r\n                        \"id\": \"/subscriptions/7fd08dcc-a653-4b0f-8f8c-4dac889fdda4/resourceGroups/ps9747/providers/Microsoft.Network/loadBalancers/ps9747/backendAddressPools/ps9747\"\r\n                      }\r\n                    ]\r\n                  }\r\n                }\r\n              ]\r\n            }\r\n          }\r\n        ]\r\n      }\r\n    },\r\n    \"provisioningState\": \"Succeeded\",\r\n    \"overprovision\": true,\r\n    \"uniqueId\": \"6a3747d6-07c4-43e3-a9b0-de46b4de2198\"\r\n  },\r\n  \"type\": \"Microsoft.Compute/virtualMachineScaleSets\",\r\n  \"location\": \"eastus\",\r\n  \"id\": \"/subscriptions/7fd08dcc-a653-4b0f-8f8c-4dac889fdda4/resourceGroups/ps9747/providers/Microsoft.Compute/virtualMachineScaleSets/ps9747\",\r\n  \"name\": \"ps9747\"\r\n}",
      "ResponseHeaders": {
        "Content-Length": [
          "1988"
        ],
        "Content-Type": [
          "application/json; charset=utf-8"
        ],
        "Expires": [
          "-1"
        ],
        "Pragma": [
          "no-cache"
        ],
        "x-ms-ratelimit-remaining-resource": [
          "Microsoft.Compute/GetVMScaleSet3Min;192,Microsoft.Compute/GetVMScaleSet30Min;992"
        ],
        "Strict-Transport-Security": [
          "max-age=31536000; includeSubDomains"
        ],
        "x-ms-served-by": [
          "6b172966-f462-4e73-9838-e8ad9c69feec_131643344449468739"
        ],
        "x-ms-request-id": [
          "57c4ffc2-8bce-49ad-b4c6-998a7dc65435"
        ],
        "Cache-Control": [
          "no-cache"
        ],
        "Server": [
          "Microsoft-HTTPAPI/2.0",
          "Microsoft-HTTPAPI/2.0"
        ],
        "x-ms-ratelimit-remaining-subscription-reads": [
          "14989"
        ],
        "x-ms-correlation-request-id": [
          "2396ed77-bca3-4156-907a-7dde687fc992"
        ],
        "x-ms-routing-request-id": [
          "WESTUS2:20180301T023902Z:2396ed77-bca3-4156-907a-7dde687fc992"
        ],
        "X-Content-Type-Options": [
          "nosniff"
        ],
        "Date": [
          "Thu, 01 Mar 2018 02:39:02 GMT"
        ]
      },
      "StatusCode": 200
    },
    {
      "RequestUri": "/subscriptions/7fd08dcc-a653-4b0f-8f8c-4dac889fdda4/resourceGroups/ps9747/providers/Microsoft.Network/loadBalancers/ps9747?api-version=2017-10-01",
      "EncodedRequestUri": "L3N1YnNjcmlwdGlvbnMvN2ZkMDhkY2MtYTY1My00YjBmLThmOGMtNGRhYzg4OWZkZGE0L3Jlc291cmNlR3JvdXBzL3BzOTc0Ny9wcm92aWRlcnMvTWljcm9zb2Z0Lk5ldHdvcmsvbG9hZEJhbGFuY2Vycy9wczk3NDc/YXBpLXZlcnNpb249MjAxNy0xMC0wMQ==",
      "RequestMethod": "GET",
      "RequestBody": "",
      "RequestHeaders": {
        "x-ms-client-request-id": [
          "ce59b176-a519-4065-a3ae-d4f15ecca243"
        ],
        "accept-language": [
          "en-US"
        ],
        "User-Agent": [
          "FxVersion/4.7.2633.0",
          "OSName/Windows10Pro",
          "OSVersion/6.3.16299",
          "Microsoft.Azure.Management.Internal.Network.Version2017_10_01.NetworkManagementClient/1.0.0.0"
        ]
      },
      "ResponseBody": "{\r\n  \"error\": {\r\n    \"code\": \"ResourceGroupNotFound\",\r\n    \"message\": \"Resource group 'ps9747' could not be found.\"\r\n  }\r\n}",
      "ResponseHeaders": {
        "Content-Length": [
          "98"
        ],
        "Content-Type": [
          "application/json; charset=utf-8"
        ],
        "Expires": [
          "-1"
        ],
        "Pragma": [
          "no-cache"
        ],
        "x-ms-failure-cause": [
          "gateway"
        ],
        "x-ms-request-id": [
          "113b645f-e061-4c62-aa86-10c339c6c450"
        ],
        "x-ms-correlation-request-id": [
          "113b645f-e061-4c62-aa86-10c339c6c450"
        ],
        "x-ms-routing-request-id": [
          "WESTUS2:20180301T023354Z:113b645f-e061-4c62-aa86-10c339c6c450"
        ],
        "Strict-Transport-Security": [
          "max-age=31536000; includeSubDomains"
        ],
        "X-Content-Type-Options": [
          "nosniff"
        ],
        "Cache-Control": [
          "no-cache"
        ],
        "Date": [
          "Thu, 01 Mar 2018 02:33:53 GMT"
        ]
      },
      "StatusCode": 404
    },
    {
      "RequestUri": "/subscriptions/7fd08dcc-a653-4b0f-8f8c-4dac889fdda4/resourceGroups/ps9747/providers/Microsoft.Network/loadBalancers/ps9747?api-version=2017-10-01",
      "EncodedRequestUri": "L3N1YnNjcmlwdGlvbnMvN2ZkMDhkY2MtYTY1My00YjBmLThmOGMtNGRhYzg4OWZkZGE0L3Jlc291cmNlR3JvdXBzL3BzOTc0Ny9wcm92aWRlcnMvTWljcm9zb2Z0Lk5ldHdvcmsvbG9hZEJhbGFuY2Vycy9wczk3NDc/YXBpLXZlcnNpb249MjAxNy0xMC0wMQ==",
      "RequestMethod": "GET",
      "RequestBody": "",
      "RequestHeaders": {
        "User-Agent": [
          "FxVersion/4.7.2633.0",
          "OSName/Windows10Pro",
          "OSVersion/6.3.16299",
          "Microsoft.Azure.Management.Internal.Network.Version2017_10_01.NetworkManagementClient/1.0.0.0"
        ]
      },
      "ResponseBody": "{\r\n  \"name\": \"ps9747\",\r\n  \"id\": \"/subscriptions/7fd08dcc-a653-4b0f-8f8c-4dac889fdda4/resourceGroups/ps9747/providers/Microsoft.Network/loadBalancers/ps9747\",\r\n  \"etag\": \"W/\\\"3db0718f-a08e-44a3-b55e-952271c23173\\\"\",\r\n  \"type\": \"Microsoft.Network/loadBalancers\",\r\n  \"location\": \"eastus\",\r\n  \"properties\": {\r\n    \"provisioningState\": \"Succeeded\",\r\n    \"resourceGuid\": \"469cb50e-538d-4301-9f4f-67208ef8ba47\",\r\n    \"frontendIPConfigurations\": [\r\n      {\r\n        \"name\": \"ps9747\",\r\n        \"id\": \"/subscriptions/7fd08dcc-a653-4b0f-8f8c-4dac889fdda4/resourceGroups/ps9747/providers/Microsoft.Network/loadBalancers/ps9747/frontendIPConfigurations/ps9747\",\r\n        \"etag\": \"W/\\\"3db0718f-a08e-44a3-b55e-952271c23173\\\"\",\r\n        \"properties\": {\r\n          \"provisioningState\": \"Succeeded\",\r\n          \"privateIPAllocationMethod\": \"Dynamic\",\r\n          \"publicIPAddress\": {\r\n            \"id\": \"/subscriptions/7fd08dcc-a653-4b0f-8f8c-4dac889fdda4/resourceGroups/ps9747/providers/Microsoft.Network/publicIPAddresses/ps9747\"\r\n          },\r\n          \"loadBalancingRules\": [\r\n            {\r\n              \"id\": \"/subscriptions/7fd08dcc-a653-4b0f-8f8c-4dac889fdda4/resourceGroups/ps9747/providers/Microsoft.Network/loadBalancers/ps9747/loadBalancingRules/ps974780\"\r\n            }\r\n          ],\r\n          \"inboundNatPools\": [\r\n            {\r\n              \"id\": \"/subscriptions/7fd08dcc-a653-4b0f-8f8c-4dac889fdda4/resourceGroups/ps9747/providers/Microsoft.Network/loadBalancers/ps9747/inboundNatPools/ps97473389\"\r\n            },\r\n            {\r\n              \"id\": \"/subscriptions/7fd08dcc-a653-4b0f-8f8c-4dac889fdda4/resourceGroups/ps9747/providers/Microsoft.Network/loadBalancers/ps9747/inboundNatPools/ps97475985\"\r\n            }\r\n          ]\r\n        }\r\n      }\r\n    ],\r\n    \"backendAddressPools\": [\r\n      {\r\n        \"name\": \"ps9747\",\r\n        \"id\": \"/subscriptions/7fd08dcc-a653-4b0f-8f8c-4dac889fdda4/resourceGroups/ps9747/providers/Microsoft.Network/loadBalancers/ps9747/backendAddressPools/ps9747\",\r\n        \"etag\": \"W/\\\"3db0718f-a08e-44a3-b55e-952271c23173\\\"\",\r\n        \"properties\": {\r\n          \"provisioningState\": \"Succeeded\",\r\n          \"loadBalancingRules\": [\r\n            {\r\n              \"id\": \"/subscriptions/7fd08dcc-a653-4b0f-8f8c-4dac889fdda4/resourceGroups/ps9747/providers/Microsoft.Network/loadBalancers/ps9747/loadBalancingRules/ps974780\"\r\n            }\r\n          ]\r\n        }\r\n      }\r\n    ],\r\n    \"loadBalancingRules\": [\r\n      {\r\n        \"name\": \"ps974780\",\r\n        \"id\": \"/subscriptions/7fd08dcc-a653-4b0f-8f8c-4dac889fdda4/resourceGroups/ps9747/providers/Microsoft.Network/loadBalancers/ps9747/loadBalancingRules/ps974780\",\r\n        \"etag\": \"W/\\\"3db0718f-a08e-44a3-b55e-952271c23173\\\"\",\r\n        \"properties\": {\r\n          \"provisioningState\": \"Succeeded\",\r\n          \"frontendIPConfiguration\": {\r\n            \"id\": \"/subscriptions/7fd08dcc-a653-4b0f-8f8c-4dac889fdda4/resourceGroups/ps9747/providers/Microsoft.Network/loadBalancers/ps9747/frontendIPConfigurations/ps9747\"\r\n          },\r\n          \"frontendPort\": 80,\r\n          \"backendPort\": 80,\r\n          \"enableFloatingIP\": false,\r\n          \"idleTimeoutInMinutes\": 4,\r\n          \"protocol\": \"Tcp\",\r\n          \"loadDistribution\": \"Default\",\r\n          \"backendAddressPool\": {\r\n            \"id\": \"/subscriptions/7fd08dcc-a653-4b0f-8f8c-4dac889fdda4/resourceGroups/ps9747/providers/Microsoft.Network/loadBalancers/ps9747/backendAddressPools/ps9747\"\r\n          }\r\n        }\r\n      }\r\n    ],\r\n    \"probes\": [],\r\n    \"inboundNatRules\": [],\r\n    \"outboundNatRules\": [],\r\n    \"inboundNatPools\": [\r\n      {\r\n        \"name\": \"ps97473389\",\r\n        \"id\": \"/subscriptions/7fd08dcc-a653-4b0f-8f8c-4dac889fdda4/resourceGroups/ps9747/providers/Microsoft.Network/loadBalancers/ps9747/inboundNatPools/ps97473389\",\r\n        \"etag\": \"W/\\\"3db0718f-a08e-44a3-b55e-952271c23173\\\"\",\r\n        \"properties\": {\r\n          \"provisioningState\": \"Succeeded\",\r\n          \"frontendPortRangeStart\": 50000,\r\n          \"frontendPortRangeEnd\": 50002,\r\n          \"backendPort\": 3389,\r\n          \"protocol\": \"Tcp\",\r\n          \"frontendIPConfiguration\": {\r\n            \"id\": \"/subscriptions/7fd08dcc-a653-4b0f-8f8c-4dac889fdda4/resourceGroups/ps9747/providers/Microsoft.Network/loadBalancers/ps9747/frontendIPConfigurations/ps9747\"\r\n          }\r\n        }\r\n      },\r\n      {\r\n        \"name\": \"ps97475985\",\r\n        \"id\": \"/subscriptions/7fd08dcc-a653-4b0f-8f8c-4dac889fdda4/resourceGroups/ps9747/providers/Microsoft.Network/loadBalancers/ps9747/inboundNatPools/ps97475985\",\r\n        \"etag\": \"W/\\\"3db0718f-a08e-44a3-b55e-952271c23173\\\"\",\r\n        \"properties\": {\r\n          \"provisioningState\": \"Succeeded\",\r\n          \"frontendPortRangeStart\": 51000,\r\n          \"frontendPortRangeEnd\": 51002,\r\n          \"backendPort\": 5985,\r\n          \"protocol\": \"Tcp\",\r\n          \"frontendIPConfiguration\": {\r\n            \"id\": \"/subscriptions/7fd08dcc-a653-4b0f-8f8c-4dac889fdda4/resourceGroups/ps9747/providers/Microsoft.Network/loadBalancers/ps9747/frontendIPConfigurations/ps9747\"\r\n          }\r\n        }\r\n      }\r\n    ]\r\n  },\r\n  \"sku\": {\r\n    \"name\": \"Basic\"\r\n  }\r\n}",
      "ResponseHeaders": {
        "Content-Length": [
          "5094"
        ],
        "Content-Type": [
          "application/json; charset=utf-8"
        ],
        "Expires": [
          "-1"
        ],
        "Pragma": [
          "no-cache"
        ],
        "x-ms-request-id": [
          "45a6d94a-0f3e-44eb-b647-54526cf7d8be"
        ],
        "Strict-Transport-Security": [
          "max-age=31536000; includeSubDomains"
        ],
        "Cache-Control": [
          "no-cache"
        ],
        "ETag": [
          "W/\"3db0718f-a08e-44a3-b55e-952271c23173\""
        ],
        "Server": [
          "Microsoft-HTTPAPI/2.0",
          "Microsoft-HTTPAPI/2.0"
        ],
        "x-ms-ratelimit-remaining-subscription-reads": [
          "14994"
        ],
        "x-ms-correlation-request-id": [
          "709289b4-8ae2-43ef-95d3-8cf14049d459"
        ],
        "x-ms-routing-request-id": [
          "WESTUS2:20180301T023409Z:709289b4-8ae2-43ef-95d3-8cf14049d459"
        ],
        "X-Content-Type-Options": [
          "nosniff"
        ],
        "Date": [
          "Thu, 01 Mar 2018 02:34:09 GMT"
        ]
      },
      "StatusCode": 200
    },
    {
      "RequestUri": "/subscriptions/7fd08dcc-a653-4b0f-8f8c-4dac889fdda4/resourcegroups/ps9747?api-version=2016-09-01",
      "EncodedRequestUri": "L3N1YnNjcmlwdGlvbnMvN2ZkMDhkY2MtYTY1My00YjBmLThmOGMtNGRhYzg4OWZkZGE0L3Jlc291cmNlZ3JvdXBzL3BzOTc0Nz9hcGktdmVyc2lvbj0yMDE2LTA5LTAx",
      "RequestMethod": "GET",
      "RequestBody": "",
      "RequestHeaders": {
        "x-ms-client-request-id": [
          "7c3c9651-bcf2-404d-a242-308b555b6032"
        ],
        "accept-language": [
          "en-US"
        ],
        "User-Agent": [
          "FxVersion/4.7.2633.0",
          "OSName/Windows10Pro",
          "OSVersion/6.3.16299",
          "Microsoft.Azure.Management.Internal.Resources.ResourceManagementClient/4.1.0"
        ]
      },
      "ResponseBody": "{\r\n  \"error\": {\r\n    \"code\": \"ResourceGroupNotFound\",\r\n    \"message\": \"Resource group 'ps9747' could not be found.\"\r\n  }\r\n}",
      "ResponseHeaders": {
        "Content-Length": [
          "98"
        ],
        "Content-Type": [
          "application/json; charset=utf-8"
        ],
        "Expires": [
          "-1"
        ],
        "Pragma": [
          "no-cache"
        ],
        "x-ms-failure-cause": [
          "gateway"
        ],
        "x-ms-ratelimit-remaining-subscription-reads": [
          "14994"
        ],
        "x-ms-request-id": [
          "75ecad50-f811-4666-aeff-85502e4c1164"
        ],
        "x-ms-correlation-request-id": [
          "75ecad50-f811-4666-aeff-85502e4c1164"
        ],
        "x-ms-routing-request-id": [
          "WESTUS2:20180301T023354Z:75ecad50-f811-4666-aeff-85502e4c1164"
        ],
        "Strict-Transport-Security": [
          "max-age=31536000; includeSubDomains"
        ],
        "X-Content-Type-Options": [
          "nosniff"
        ],
        "Cache-Control": [
          "no-cache"
        ],
        "Date": [
          "Thu, 01 Mar 2018 02:33:53 GMT"
        ]
      },
      "StatusCode": 404
    },
    {
      "RequestUri": "/subscriptions/7fd08dcc-a653-4b0f-8f8c-4dac889fdda4/resourceGroups/ps9747/providers/Microsoft.Network/publicIPAddresses/ps9747?api-version=2017-10-01",
      "EncodedRequestUri": "L3N1YnNjcmlwdGlvbnMvN2ZkMDhkY2MtYTY1My00YjBmLThmOGMtNGRhYzg4OWZkZGE0L3Jlc291cmNlR3JvdXBzL3BzOTc0Ny9wcm92aWRlcnMvTWljcm9zb2Z0Lk5ldHdvcmsvcHVibGljSVBBZGRyZXNzZXMvcHM5NzQ3P2FwaS12ZXJzaW9uPTIwMTctMTAtMDE=",
      "RequestMethod": "GET",
      "RequestBody": "",
      "RequestHeaders": {
        "x-ms-client-request-id": [
          "a487bac2-d3be-4355-ae2b-6d528cfc6850"
        ],
        "accept-language": [
          "en-US"
        ],
        "User-Agent": [
          "FxVersion/4.7.2633.0",
          "OSName/Windows10Pro",
          "OSVersion/6.3.16299",
          "Microsoft.Azure.Management.Internal.Network.Version2017_10_01.NetworkManagementClient/1.0.0.0"
        ]
      },
      "ResponseBody": "{\r\n  \"error\": {\r\n    \"code\": \"ResourceGroupNotFound\",\r\n    \"message\": \"Resource group 'ps9747' could not be found.\"\r\n  }\r\n}",
      "ResponseHeaders": {
        "Content-Length": [
          "98"
        ],
        "Content-Type": [
          "application/json; charset=utf-8"
        ],
        "Expires": [
          "-1"
        ],
        "Pragma": [
          "no-cache"
        ],
        "x-ms-failure-cause": [
          "gateway"
        ],
        "x-ms-request-id": [
          "21cd47a1-0a17-4a26-b2e2-a8516446c4a7"
        ],
        "x-ms-correlation-request-id": [
          "21cd47a1-0a17-4a26-b2e2-a8516446c4a7"
        ],
        "x-ms-routing-request-id": [
          "WESTUS2:20180301T023354Z:21cd47a1-0a17-4a26-b2e2-a8516446c4a7"
        ],
        "Strict-Transport-Security": [
          "max-age=31536000; includeSubDomains"
        ],
        "X-Content-Type-Options": [
          "nosniff"
        ],
        "Cache-Control": [
          "no-cache"
        ],
        "Date": [
          "Thu, 01 Mar 2018 02:33:53 GMT"
        ]
      },
      "StatusCode": 404
    },
    {
      "RequestUri": "/subscriptions/7fd08dcc-a653-4b0f-8f8c-4dac889fdda4/resourceGroups/ps9747/providers/Microsoft.Network/publicIPAddresses/ps9747?api-version=2017-10-01",
      "EncodedRequestUri": "L3N1YnNjcmlwdGlvbnMvN2ZkMDhkY2MtYTY1My00YjBmLThmOGMtNGRhYzg4OWZkZGE0L3Jlc291cmNlR3JvdXBzL3BzOTc0Ny9wcm92aWRlcnMvTWljcm9zb2Z0Lk5ldHdvcmsvcHVibGljSVBBZGRyZXNzZXMvcHM5NzQ3P2FwaS12ZXJzaW9uPTIwMTctMTAtMDE=",
      "RequestMethod": "GET",
      "RequestBody": "",
      "RequestHeaders": {
        "User-Agent": [
          "FxVersion/4.7.2633.0",
          "OSName/Windows10Pro",
          "OSVersion/6.3.16299",
          "Microsoft.Azure.Management.Internal.Network.Version2017_10_01.NetworkManagementClient/1.0.0.0"
        ]
      },
      "ResponseBody": "{\r\n  \"name\": \"ps9747\",\r\n  \"id\": \"/subscriptions/7fd08dcc-a653-4b0f-8f8c-4dac889fdda4/resourceGroups/ps9747/providers/Microsoft.Network/publicIPAddresses/ps9747\",\r\n  \"etag\": \"W/\\\"64160068-e19c-4aab-8812-9ea8f8581b8d\\\"\",\r\n  \"location\": \"eastus\",\r\n  \"properties\": {\r\n    \"provisioningState\": \"Succeeded\",\r\n    \"resourceGuid\": \"68f444de-b046-47c9-bdc2-886dbb483aa8\",\r\n    \"ipAddress\": \"52.179.82.182\",\r\n    \"publicIPAddressVersion\": \"IPv4\",\r\n    \"publicIPAllocationMethod\": \"Static\",\r\n    \"idleTimeoutInMinutes\": 4,\r\n    \"dnsSettings\": {\r\n      \"domainNameLabel\": \"ps9747ps9747\",\r\n      \"fqdn\": \"ps9747ps9747.eastus.cloudapp.azure.com\"\r\n    },\r\n    \"ipTags\": []\r\n  },\r\n  \"type\": \"Microsoft.Network/publicIPAddresses\",\r\n  \"sku\": {\r\n    \"name\": \"Basic\"\r\n  }\r\n}",
      "ResponseHeaders": {
        "Content-Length": [
          "754"
        ],
        "Content-Type": [
          "application/json; charset=utf-8"
        ],
        "Expires": [
          "-1"
        ],
        "Pragma": [
          "no-cache"
        ],
        "x-ms-request-id": [
          "fb54a26a-0fe2-4984-a9b4-006426baf210"
        ],
        "Strict-Transport-Security": [
          "max-age=31536000; includeSubDomains"
        ],
        "Cache-Control": [
          "no-cache"
        ],
        "ETag": [
          "W/\"64160068-e19c-4aab-8812-9ea8f8581b8d\""
        ],
        "Server": [
          "Microsoft-HTTPAPI/2.0",
          "Microsoft-HTTPAPI/2.0"
        ],
        "x-ms-ratelimit-remaining-subscription-reads": [
          "14995"
        ],
        "x-ms-correlation-request-id": [
          "92fba3bd-24dc-41d4-bdea-81073fa62c72"
        ],
        "x-ms-routing-request-id": [
          "WESTUS2:20180301T023408Z:92fba3bd-24dc-41d4-bdea-81073fa62c72"
        ],
        "X-Content-Type-Options": [
          "nosniff"
        ],
        "Date": [
          "Thu, 01 Mar 2018 02:34:07 GMT"
        ]
      },
      "StatusCode": 200
    },
    {
      "RequestUri": "/subscriptions/7fd08dcc-a653-4b0f-8f8c-4dac889fdda4/resourceGroups/ps9747/providers/Microsoft.Network/virtualNetworks/ps9747?api-version=2017-10-01",
      "EncodedRequestUri": "L3N1YnNjcmlwdGlvbnMvN2ZkMDhkY2MtYTY1My00YjBmLThmOGMtNGRhYzg4OWZkZGE0L3Jlc291cmNlR3JvdXBzL3BzOTc0Ny9wcm92aWRlcnMvTWljcm9zb2Z0Lk5ldHdvcmsvdmlydHVhbE5ldHdvcmtzL3BzOTc0Nz9hcGktdmVyc2lvbj0yMDE3LTEwLTAx",
      "RequestMethod": "GET",
      "RequestBody": "",
      "RequestHeaders": {
        "x-ms-client-request-id": [
          "2720f251-4e5e-47be-b084-033edaf51ead"
        ],
        "accept-language": [
          "en-US"
        ],
        "User-Agent": [
          "FxVersion/4.7.2633.0",
          "OSName/Windows10Pro",
          "OSVersion/6.3.16299",
          "Microsoft.Azure.Management.Internal.Network.Version2017_10_01.NetworkManagementClient/1.0.0.0"
        ]
      },
      "ResponseBody": "{\r\n  \"error\": {\r\n    \"code\": \"ResourceGroupNotFound\",\r\n    \"message\": \"Resource group 'ps9747' could not be found.\"\r\n  }\r\n}",
      "ResponseHeaders": {
        "Content-Length": [
          "98"
        ],
        "Content-Type": [
          "application/json; charset=utf-8"
        ],
        "Expires": [
          "-1"
        ],
        "Pragma": [
          "no-cache"
        ],
        "x-ms-failure-cause": [
          "gateway"
        ],
        "x-ms-request-id": [
          "9cfc0f3b-de4a-4cd5-8c65-7708b2a518d2"
        ],
        "x-ms-correlation-request-id": [
          "9cfc0f3b-de4a-4cd5-8c65-7708b2a518d2"
        ],
        "x-ms-routing-request-id": [
          "WESTUS2:20180301T023354Z:9cfc0f3b-de4a-4cd5-8c65-7708b2a518d2"
        ],
        "Strict-Transport-Security": [
          "max-age=31536000; includeSubDomains"
        ],
        "X-Content-Type-Options": [
          "nosniff"
        ],
        "Cache-Control": [
          "no-cache"
        ],
        "Date": [
          "Thu, 01 Mar 2018 02:33:54 GMT"
        ]
      },
      "StatusCode": 404
    },
    {
      "RequestUri": "/subscriptions/7fd08dcc-a653-4b0f-8f8c-4dac889fdda4/resourceGroups/ps9747/providers/Microsoft.Network/virtualNetworks/ps9747?api-version=2017-10-01",
      "EncodedRequestUri": "L3N1YnNjcmlwdGlvbnMvN2ZkMDhkY2MtYTY1My00YjBmLThmOGMtNGRhYzg4OWZkZGE0L3Jlc291cmNlR3JvdXBzL3BzOTc0Ny9wcm92aWRlcnMvTWljcm9zb2Z0Lk5ldHdvcmsvdmlydHVhbE5ldHdvcmtzL3BzOTc0Nz9hcGktdmVyc2lvbj0yMDE3LTEwLTAx",
      "RequestMethod": "GET",
      "RequestBody": "",
      "RequestHeaders": {
        "User-Agent": [
          "FxVersion/4.7.2633.0",
          "OSName/Windows10Pro",
          "OSVersion/6.3.16299",
          "Microsoft.Azure.Management.Internal.Network.Version2017_10_01.NetworkManagementClient/1.0.0.0"
        ]
      },
      "ResponseBody": "{\r\n  \"name\": \"ps9747\",\r\n  \"id\": \"/subscriptions/7fd08dcc-a653-4b0f-8f8c-4dac889fdda4/resourceGroups/ps9747/providers/Microsoft.Network/virtualNetworks/ps9747\",\r\n  \"etag\": \"W/\\\"08507273-0654-4d7b-b56e-51de750185b1\\\"\",\r\n  \"type\": \"Microsoft.Network/virtualNetworks\",\r\n  \"location\": \"eastus\",\r\n  \"properties\": {\r\n    \"provisioningState\": \"Succeeded\",\r\n    \"resourceGuid\": \"830549a2-f1d3-4ca5-b239-02039d776d70\",\r\n    \"addressSpace\": {\r\n      \"addressPrefixes\": [\r\n        \"192.168.0.0/16\"\r\n      ]\r\n    },\r\n    \"subnets\": [\r\n      {\r\n        \"name\": \"ps9747\",\r\n        \"id\": \"/subscriptions/7fd08dcc-a653-4b0f-8f8c-4dac889fdda4/resourceGroups/ps9747/providers/Microsoft.Network/virtualNetworks/ps9747/subnets/ps9747\",\r\n        \"etag\": \"W/\\\"08507273-0654-4d7b-b56e-51de750185b1\\\"\",\r\n        \"properties\": {\r\n          \"provisioningState\": \"Succeeded\",\r\n          \"addressPrefix\": \"192.168.1.0/24\"\r\n        }\r\n      }\r\n    ],\r\n    \"virtualNetworkPeerings\": [],\r\n    \"enableDdosProtection\": false,\r\n    \"enableVmProtection\": false\r\n  }\r\n}",
      "ResponseHeaders": {
        "Content-Length": [
          "1032"
        ],
        "Content-Type": [
          "application/json; charset=utf-8"
        ],
        "Expires": [
          "-1"
        ],
        "Pragma": [
          "no-cache"
        ],
        "x-ms-request-id": [
          "7c689de6-9720-41aa-937c-7d7fd2854af2"
        ],
        "Strict-Transport-Security": [
          "max-age=31536000; includeSubDomains"
        ],
        "Cache-Control": [
          "no-cache"
        ],
        "ETag": [
          "W/\"08507273-0654-4d7b-b56e-51de750185b1\""
        ],
        "Server": [
          "Microsoft-HTTPAPI/2.0",
          "Microsoft-HTTPAPI/2.0"
        ],
        "x-ms-ratelimit-remaining-subscription-reads": [
          "14996"
        ],
        "x-ms-correlation-request-id": [
          "6d923da2-f2cd-4d0b-9191-6ff59aba220c"
        ],
        "x-ms-routing-request-id": [
          "WESTUS2:20180301T023408Z:6d923da2-f2cd-4d0b-9191-6ff59aba220c"
        ],
        "X-Content-Type-Options": [
          "nosniff"
        ],
        "Date": [
          "Thu, 01 Mar 2018 02:34:07 GMT"
        ]
      },
      "StatusCode": 200
    },
    {
      "RequestUri": "/subscriptions/7fd08dcc-a653-4b0f-8f8c-4dac889fdda4/resourcegroups/ps9747?api-version=2016-09-01",
      "EncodedRequestUri": "L3N1YnNjcmlwdGlvbnMvN2ZkMDhkY2MtYTY1My00YjBmLThmOGMtNGRhYzg4OWZkZGE0L3Jlc291cmNlZ3JvdXBzL3BzOTc0Nz9hcGktdmVyc2lvbj0yMDE2LTA5LTAx",
      "RequestMethod": "PUT",
      "RequestBody": "{\r\n  \"location\": \"eastus\"\r\n}",
      "RequestHeaders": {
        "Content-Type": [
          "application/json; charset=utf-8"
        ],
        "Content-Length": [
          "28"
        ],
        "x-ms-client-request-id": [
          "4fa515c2-e819-4e85-b95b-de4df5a51414"
        ],
        "accept-language": [
          "en-US"
        ],
        "User-Agent": [
          "FxVersion/4.7.2633.0",
          "OSName/Windows10Pro",
          "OSVersion/6.3.16299",
          "Microsoft.Azure.Management.Internal.Resources.ResourceManagementClient/4.1.0"
        ]
      },
      "ResponseBody": "{\r\n  \"id\": \"/subscriptions/7fd08dcc-a653-4b0f-8f8c-4dac889fdda4/resourceGroups/ps9747\",\r\n  \"name\": \"ps9747\",\r\n  \"location\": \"eastus\",\r\n  \"properties\": {\r\n    \"provisioningState\": \"Succeeded\"\r\n  }\r\n}",
      "ResponseHeaders": {
        "Content-Length": [
          "165"
        ],
        "Content-Type": [
          "application/json; charset=utf-8"
        ],
        "Expires": [
          "-1"
        ],
        "Pragma": [
          "no-cache"
        ],
        "x-ms-ratelimit-remaining-subscription-writes": [
          "1197"
        ],
        "x-ms-request-id": [
          "659d3ce5-d05c-4e58-a389-3ae281715fb3"
        ],
        "x-ms-correlation-request-id": [
          "659d3ce5-d05c-4e58-a389-3ae281715fb3"
        ],
        "x-ms-routing-request-id": [
          "WESTUS2:20180301T023356Z:659d3ce5-d05c-4e58-a389-3ae281715fb3"
        ],
        "Strict-Transport-Security": [
          "max-age=31536000; includeSubDomains"
        ],
        "X-Content-Type-Options": [
          "nosniff"
        ],
        "Cache-Control": [
          "no-cache"
        ],
        "Date": [
          "Thu, 01 Mar 2018 02:33:55 GMT"
        ]
      },
      "StatusCode": 201
    },
    {
      "RequestUri": "/subscriptions/7fd08dcc-a653-4b0f-8f8c-4dac889fdda4/resourceGroups/ps9747/providers/Microsoft.Network/virtualNetworks/ps9747?api-version=2017-10-01",
      "EncodedRequestUri": "L3N1YnNjcmlwdGlvbnMvN2ZkMDhkY2MtYTY1My00YjBmLThmOGMtNGRhYzg4OWZkZGE0L3Jlc291cmNlR3JvdXBzL3BzOTc0Ny9wcm92aWRlcnMvTWljcm9zb2Z0Lk5ldHdvcmsvdmlydHVhbE5ldHdvcmtzL3BzOTc0Nz9hcGktdmVyc2lvbj0yMDE3LTEwLTAx",
      "RequestMethod": "PUT",
      "RequestBody": "{\r\n  \"properties\": {\r\n    \"addressSpace\": {\r\n      \"addressPrefixes\": [\r\n        \"192.168.0.0/16\"\r\n      ]\r\n    },\r\n    \"subnets\": [\r\n      {\r\n        \"properties\": {\r\n          \"addressPrefix\": \"192.168.1.0/24\"\r\n        },\r\n        \"name\": \"ps9747\"\r\n      }\r\n    ]\r\n  },\r\n  \"location\": \"eastus\"\r\n}",
      "RequestHeaders": {
        "Content-Type": [
          "application/json; charset=utf-8"
        ],
        "Content-Length": [
          "298"
        ],
        "x-ms-client-request-id": [
          "db72c7c9-4851-42b6-a704-21ba4cecf337"
        ],
        "accept-language": [
          "en-US"
        ],
        "User-Agent": [
          "FxVersion/4.7.2633.0",
          "OSName/Windows10Pro",
          "OSVersion/6.3.16299",
          "Microsoft.Azure.Management.Internal.Network.Version2017_10_01.NetworkManagementClient/1.0.0.0"
        ]
      },
      "ResponseBody": "{\r\n  \"name\": \"ps9747\",\r\n  \"id\": \"/subscriptions/7fd08dcc-a653-4b0f-8f8c-4dac889fdda4/resourceGroups/ps9747/providers/Microsoft.Network/virtualNetworks/ps9747\",\r\n  \"etag\": \"W/\\\"5dddd7c0-1724-4b28-a3f0-1d07f8813e03\\\"\",\r\n  \"type\": \"Microsoft.Network/virtualNetworks\",\r\n  \"location\": \"eastus\",\r\n  \"properties\": {\r\n    \"provisioningState\": \"Updating\",\r\n    \"resourceGuid\": \"830549a2-f1d3-4ca5-b239-02039d776d70\",\r\n    \"addressSpace\": {\r\n      \"addressPrefixes\": [\r\n        \"192.168.0.0/16\"\r\n      ]\r\n    },\r\n    \"subnets\": [\r\n      {\r\n        \"name\": \"ps9747\",\r\n        \"id\": \"/subscriptions/7fd08dcc-a653-4b0f-8f8c-4dac889fdda4/resourceGroups/ps9747/providers/Microsoft.Network/virtualNetworks/ps9747/subnets/ps9747\",\r\n        \"etag\": \"W/\\\"5dddd7c0-1724-4b28-a3f0-1d07f8813e03\\\"\",\r\n        \"properties\": {\r\n          \"provisioningState\": \"Updating\",\r\n          \"addressPrefix\": \"192.168.1.0/24\"\r\n        }\r\n      }\r\n    ],\r\n    \"virtualNetworkPeerings\": [],\r\n    \"enableDdosProtection\": false,\r\n    \"enableVmProtection\": false\r\n  }\r\n}",
      "ResponseHeaders": {
        "Content-Length": [
          "1030"
        ],
        "Content-Type": [
          "application/json; charset=utf-8"
        ],
        "Expires": [
          "-1"
        ],
        "Pragma": [
          "no-cache"
        ],
        "Retry-After": [
          "3"
        ],
        "x-ms-request-id": [
          "72eb8ced-ab12-4c9b-ac52-e879e6363d0c"
        ],
        "Azure-AsyncOperation": [
          "https://management.azure.com/subscriptions/7fd08dcc-a653-4b0f-8f8c-4dac889fdda4/providers/Microsoft.Network/locations/eastus/operations/72eb8ced-ab12-4c9b-ac52-e879e6363d0c?api-version=2017-10-01"
        ],
        "Strict-Transport-Security": [
          "max-age=31536000; includeSubDomains"
        ],
        "Cache-Control": [
          "no-cache"
        ],
        "Server": [
          "Microsoft-HTTPAPI/2.0",
          "Microsoft-HTTPAPI/2.0"
        ],
        "x-ms-ratelimit-remaining-subscription-writes": [
          "1199"
        ],
        "x-ms-correlation-request-id": [
          "234601b6-6a88-4808-88e9-155e1e427530"
        ],
        "x-ms-routing-request-id": [
          "WESTUS2:20180301T023357Z:234601b6-6a88-4808-88e9-155e1e427530"
        ],
        "X-Content-Type-Options": [
          "nosniff"
        ],
        "Date": [
          "Thu, 01 Mar 2018 02:33:56 GMT"
        ]
      },
      "StatusCode": 201
    },
    {
      "RequestUri": "/subscriptions/7fd08dcc-a653-4b0f-8f8c-4dac889fdda4/resourceGroups/ps9747/providers/Microsoft.Network/publicIPAddresses/ps9747?api-version=2017-10-01",
      "EncodedRequestUri": "L3N1YnNjcmlwdGlvbnMvN2ZkMDhkY2MtYTY1My00YjBmLThmOGMtNGRhYzg4OWZkZGE0L3Jlc291cmNlR3JvdXBzL3BzOTc0Ny9wcm92aWRlcnMvTWljcm9zb2Z0Lk5ldHdvcmsvcHVibGljSVBBZGRyZXNzZXMvcHM5NzQ3P2FwaS12ZXJzaW9uPTIwMTctMTAtMDE=",
      "RequestMethod": "PUT",
      "RequestBody": "{\r\n  \"properties\": {\r\n    \"publicIPAllocationMethod\": \"Static\",\r\n    \"dnsSettings\": {\r\n      \"domainNameLabel\": \"ps9747ps9747\"\r\n    }\r\n  },\r\n  \"location\": \"eastus\"\r\n}",
      "RequestHeaders": {
        "Content-Type": [
          "application/json; charset=utf-8"
        ],
        "Content-Length": [
          "166"
        ],
        "x-ms-client-request-id": [
          "f761595f-17ed-451c-a4db-cbc1fe12d1a5"
        ],
        "accept-language": [
          "en-US"
        ],
        "User-Agent": [
          "FxVersion/4.7.2633.0",
          "OSName/Windows10Pro",
          "OSVersion/6.3.16299",
          "Microsoft.Azure.Management.Internal.Network.Version2017_10_01.NetworkManagementClient/1.0.0.0"
        ]
      },
      "ResponseBody": "{\r\n  \"name\": \"ps9747\",\r\n  \"id\": \"/subscriptions/7fd08dcc-a653-4b0f-8f8c-4dac889fdda4/resourceGroups/ps9747/providers/Microsoft.Network/publicIPAddresses/ps9747\",\r\n  \"etag\": \"W/\\\"1c2f97a6-415a-434d-8ab4-e669647cc2ab\\\"\",\r\n  \"location\": \"eastus\",\r\n  \"properties\": {\r\n    \"provisioningState\": \"Updating\",\r\n    \"resourceGuid\": \"68f444de-b046-47c9-bdc2-886dbb483aa8\",\r\n    \"publicIPAddressVersion\": \"IPv4\",\r\n    \"publicIPAllocationMethod\": \"Static\",\r\n    \"idleTimeoutInMinutes\": 4,\r\n    \"dnsSettings\": {\r\n      \"domainNameLabel\": \"ps9747ps9747\",\r\n      \"fqdn\": \"ps9747ps9747.eastus.cloudapp.azure.com\"\r\n    },\r\n    \"ipTags\": []\r\n  },\r\n  \"type\": \"Microsoft.Network/publicIPAddresses\",\r\n  \"sku\": {\r\n    \"name\": \"Basic\"\r\n  }\r\n}",
      "ResponseHeaders": {
        "Content-Length": [
          "718"
        ],
        "Content-Type": [
          "application/json; charset=utf-8"
        ],
        "Expires": [
          "-1"
        ],
        "Pragma": [
          "no-cache"
        ],
        "Retry-After": [
          "3"
        ],
        "x-ms-request-id": [
          "e5b74ad2-d2bb-4435-b993-d438f5480fe7"
        ],
        "Azure-AsyncOperation": [
          "https://management.azure.com/subscriptions/7fd08dcc-a653-4b0f-8f8c-4dac889fdda4/providers/Microsoft.Network/locations/eastus/operations/e5b74ad2-d2bb-4435-b993-d438f5480fe7?api-version=2017-10-01"
        ],
        "Strict-Transport-Security": [
          "max-age=31536000; includeSubDomains"
        ],
        "Cache-Control": [
          "no-cache"
        ],
        "Server": [
          "Microsoft-HTTPAPI/2.0",
          "Microsoft-HTTPAPI/2.0"
        ],
        "x-ms-ratelimit-remaining-subscription-writes": [
          "1199"
        ],
        "x-ms-correlation-request-id": [
          "aba51b61-93ac-41f6-a12a-7a612e528a6a"
        ],
        "x-ms-routing-request-id": [
          "WESTUS2:20180301T023358Z:aba51b61-93ac-41f6-a12a-7a612e528a6a"
        ],
        "X-Content-Type-Options": [
          "nosniff"
        ],
        "Date": [
          "Thu, 01 Mar 2018 02:33:57 GMT"
        ]
      },
      "StatusCode": 201
    },
    {
      "RequestUri": "/subscriptions/7fd08dcc-a653-4b0f-8f8c-4dac889fdda4/providers/Microsoft.Network/locations/eastus/operations/72eb8ced-ab12-4c9b-ac52-e879e6363d0c?api-version=2017-10-01",
      "EncodedRequestUri": "L3N1YnNjcmlwdGlvbnMvN2ZkMDhkY2MtYTY1My00YjBmLThmOGMtNGRhYzg4OWZkZGE0L3Byb3ZpZGVycy9NaWNyb3NvZnQuTmV0d29yay9sb2NhdGlvbnMvZWFzdHVzL29wZXJhdGlvbnMvNzJlYjhjZWQtYWIxMi00YzliLWFjNTItZTg3OWU2MzYzZDBjP2FwaS12ZXJzaW9uPTIwMTctMTAtMDE=",
      "RequestMethod": "GET",
      "RequestBody": "",
      "RequestHeaders": {
        "User-Agent": [
          "FxVersion/4.7.2633.0",
          "OSName/Windows10Pro",
          "OSVersion/6.3.16299",
          "Microsoft.Azure.Management.Internal.Network.Version2017_10_01.NetworkManagementClient/1.0.0.0"
        ]
      },
      "ResponseBody": "{\r\n  \"status\": \"Succeeded\"\r\n}",
      "ResponseHeaders": {
        "Content-Length": [
          "29"
        ],
        "Content-Type": [
          "application/json; charset=utf-8"
        ],
        "Expires": [
          "-1"
        ],
        "Pragma": [
          "no-cache"
        ],
        "x-ms-request-id": [
          "69dd35dd-a9bf-4513-896b-44395deb2a34"
        ],
        "Strict-Transport-Security": [
          "max-age=31536000; includeSubDomains"
        ],
        "Cache-Control": [
          "no-cache"
        ],
        "Server": [
          "Microsoft-HTTPAPI/2.0",
          "Microsoft-HTTPAPI/2.0"
        ],
        "x-ms-ratelimit-remaining-subscription-reads": [
          "14997"
        ],
        "x-ms-correlation-request-id": [
          "6f9e8a28-40a8-4985-bf01-67c8bb752996"
        ],
        "x-ms-routing-request-id": [
          "WESTUS2:20180301T023408Z:6f9e8a28-40a8-4985-bf01-67c8bb752996"
        ],
        "X-Content-Type-Options": [
          "nosniff"
        ],
        "Date": [
          "Thu, 01 Mar 2018 02:34:07 GMT"
        ]
      },
      "StatusCode": 200
    },
    {
      "RequestUri": "/subscriptions/7fd08dcc-a653-4b0f-8f8c-4dac889fdda4/providers/Microsoft.Network/locations/eastus/operations/e5b74ad2-d2bb-4435-b993-d438f5480fe7?api-version=2017-10-01",
      "EncodedRequestUri": "L3N1YnNjcmlwdGlvbnMvN2ZkMDhkY2MtYTY1My00YjBmLThmOGMtNGRhYzg4OWZkZGE0L3Byb3ZpZGVycy9NaWNyb3NvZnQuTmV0d29yay9sb2NhdGlvbnMvZWFzdHVzL29wZXJhdGlvbnMvZTViNzRhZDItZDJiYi00NDM1LWI5OTMtZDQzOGY1NDgwZmU3P2FwaS12ZXJzaW9uPTIwMTctMTAtMDE=",
      "RequestMethod": "GET",
      "RequestBody": "",
      "RequestHeaders": {
        "User-Agent": [
          "FxVersion/4.7.2633.0",
          "OSName/Windows10Pro",
          "OSVersion/6.3.16299",
          "Microsoft.Azure.Management.Internal.Network.Version2017_10_01.NetworkManagementClient/1.0.0.0"
        ]
      },
      "ResponseBody": "{\r\n  \"status\": \"Succeeded\"\r\n}",
      "ResponseHeaders": {
        "Content-Length": [
          "29"
        ],
        "Content-Type": [
          "application/json; charset=utf-8"
        ],
        "Expires": [
          "-1"
        ],
        "Pragma": [
          "no-cache"
        ],
        "x-ms-request-id": [
          "a5be9326-f6da-4a76-b932-8b0eaf8e8719"
        ],
        "Strict-Transport-Security": [
          "max-age=31536000; includeSubDomains"
        ],
        "Cache-Control": [
          "no-cache"
        ],
        "Server": [
          "Microsoft-HTTPAPI/2.0",
          "Microsoft-HTTPAPI/2.0"
        ],
        "x-ms-ratelimit-remaining-subscription-reads": [
          "14997"
        ],
        "x-ms-correlation-request-id": [
          "dd6de48e-a85d-4e66-b32c-e2960ac61bc2"
        ],
        "x-ms-routing-request-id": [
          "WESTUS2:20180301T023408Z:dd6de48e-a85d-4e66-b32c-e2960ac61bc2"
        ],
        "X-Content-Type-Options": [
          "nosniff"
        ],
        "Date": [
          "Thu, 01 Mar 2018 02:34:08 GMT"
        ]
      },
      "StatusCode": 200
    },
    {
      "RequestUri": "/subscriptions/7fd08dcc-a653-4b0f-8f8c-4dac889fdda4/resourceGroups/ps9747/providers/Microsoft.Network/loadBalancers/ps9747?api-version=2017-10-01",
      "EncodedRequestUri": "L3N1YnNjcmlwdGlvbnMvN2ZkMDhkY2MtYTY1My00YjBmLThmOGMtNGRhYzg4OWZkZGE0L3Jlc291cmNlR3JvdXBzL3BzOTc0Ny9wcm92aWRlcnMvTWljcm9zb2Z0Lk5ldHdvcmsvbG9hZEJhbGFuY2Vycy9wczk3NDc/YXBpLXZlcnNpb249MjAxNy0xMC0wMQ==",
      "RequestMethod": "PUT",
      "RequestBody": "{\r\n  \"properties\": {\r\n    \"frontendIPConfigurations\": [\r\n      {\r\n        \"properties\": {\r\n          \"publicIPAddress\": {\r\n            \"id\": \"/subscriptions/7fd08dcc-a653-4b0f-8f8c-4dac889fdda4/resourceGroups/ps9747/providers/Microsoft.Network/publicIPAddresses/ps9747\"\r\n          }\r\n        },\r\n        \"name\": \"ps9747\"\r\n      }\r\n    ],\r\n    \"backendAddressPools\": [\r\n      {\r\n        \"name\": \"ps9747\"\r\n      }\r\n    ],\r\n    \"loadBalancingRules\": [\r\n      {\r\n        \"properties\": {\r\n          \"frontendIPConfiguration\": {\r\n            \"id\": \"/subscriptions/7fd08dcc-a653-4b0f-8f8c-4dac889fdda4/resourceGroups/ps9747/providers/Microsoft.Network/loadBalancers/ps9747/frontendIPConfigurations/ps9747\"\r\n          },\r\n          \"backendAddressPool\": {\r\n            \"id\": \"/subscriptions/7fd08dcc-a653-4b0f-8f8c-4dac889fdda4/resourceGroups/ps9747/providers/Microsoft.Network/loadBalancers/ps9747/backendAddressPools/ps9747\"\r\n          },\r\n          \"protocol\": \"Tcp\",\r\n          \"frontendPort\": 80,\r\n          \"backendPort\": 80\r\n        },\r\n        \"name\": \"ps974780\"\r\n      }\r\n    ],\r\n    \"inboundNatPools\": [\r\n      {\r\n        \"properties\": {\r\n          \"frontendIPConfiguration\": {\r\n            \"id\": \"/subscriptions/7fd08dcc-a653-4b0f-8f8c-4dac889fdda4/resourceGroups/ps9747/providers/Microsoft.Network/loadBalancers/ps9747/frontendIPConfigurations/ps9747\"\r\n          },\r\n          \"protocol\": \"TCP\",\r\n          \"frontendPortRangeStart\": 50000,\r\n          \"frontendPortRangeEnd\": 50002,\r\n          \"backendPort\": 3389\r\n        },\r\n        \"name\": \"ps97473389\"\r\n      },\r\n      {\r\n        \"properties\": {\r\n          \"frontendIPConfiguration\": {\r\n            \"id\": \"/subscriptions/7fd08dcc-a653-4b0f-8f8c-4dac889fdda4/resourceGroups/ps9747/providers/Microsoft.Network/loadBalancers/ps9747/frontendIPConfigurations/ps9747\"\r\n          },\r\n          \"protocol\": \"TCP\",\r\n          \"frontendPortRangeStart\": 51000,\r\n          \"frontendPortRangeEnd\": 51002,\r\n          \"backendPort\": 5985\r\n        },\r\n        \"name\": \"ps97475985\"\r\n      }\r\n    ]\r\n  },\r\n  \"location\": \"eastus\"\r\n}",
      "RequestHeaders": {
        "Content-Type": [
          "application/json; charset=utf-8"
        ],
        "Content-Length": [
          "2070"
        ],
        "x-ms-client-request-id": [
          "f3685ad2-f5a9-403e-8f28-d47a85a1d130"
        ],
        "accept-language": [
          "en-US"
        ],
        "User-Agent": [
          "FxVersion/4.7.2633.0",
          "OSName/Windows10Pro",
          "OSVersion/6.3.16299",
          "Microsoft.Azure.Management.Internal.Network.Version2017_10_01.NetworkManagementClient/1.0.0.0"
        ]
      },
      "ResponseBody": "{\r\n  \"name\": \"ps9747\",\r\n  \"id\": \"/subscriptions/7fd08dcc-a653-4b0f-8f8c-4dac889fdda4/resourceGroups/ps9747/providers/Microsoft.Network/loadBalancers/ps9747\",\r\n  \"etag\": \"W/\\\"3db0718f-a08e-44a3-b55e-952271c23173\\\"\",\r\n  \"type\": \"Microsoft.Network/loadBalancers\",\r\n  \"location\": \"eastus\",\r\n  \"properties\": {\r\n    \"provisioningState\": \"Succeeded\",\r\n    \"resourceGuid\": \"469cb50e-538d-4301-9f4f-67208ef8ba47\",\r\n    \"frontendIPConfigurations\": [\r\n      {\r\n        \"name\": \"ps9747\",\r\n        \"id\": \"/subscriptions/7fd08dcc-a653-4b0f-8f8c-4dac889fdda4/resourceGroups/ps9747/providers/Microsoft.Network/loadBalancers/ps9747/frontendIPConfigurations/ps9747\",\r\n        \"etag\": \"W/\\\"3db0718f-a08e-44a3-b55e-952271c23173\\\"\",\r\n        \"properties\": {\r\n          \"provisioningState\": \"Succeeded\",\r\n          \"privateIPAllocationMethod\": \"Dynamic\",\r\n          \"publicIPAddress\": {\r\n            \"id\": \"/subscriptions/7fd08dcc-a653-4b0f-8f8c-4dac889fdda4/resourceGroups/ps9747/providers/Microsoft.Network/publicIPAddresses/ps9747\"\r\n          },\r\n          \"loadBalancingRules\": [\r\n            {\r\n              \"id\": \"/subscriptions/7fd08dcc-a653-4b0f-8f8c-4dac889fdda4/resourceGroups/ps9747/providers/Microsoft.Network/loadBalancers/ps9747/loadBalancingRules/ps974780\"\r\n            }\r\n          ],\r\n          \"inboundNatPools\": [\r\n            {\r\n              \"id\": \"/subscriptions/7fd08dcc-a653-4b0f-8f8c-4dac889fdda4/resourceGroups/ps9747/providers/Microsoft.Network/loadBalancers/ps9747/inboundNatPools/ps97473389\"\r\n            },\r\n            {\r\n              \"id\": \"/subscriptions/7fd08dcc-a653-4b0f-8f8c-4dac889fdda4/resourceGroups/ps9747/providers/Microsoft.Network/loadBalancers/ps9747/inboundNatPools/ps97475985\"\r\n            }\r\n          ]\r\n        }\r\n      }\r\n    ],\r\n    \"backendAddressPools\": [\r\n      {\r\n        \"name\": \"ps9747\",\r\n        \"id\": \"/subscriptions/7fd08dcc-a653-4b0f-8f8c-4dac889fdda4/resourceGroups/ps9747/providers/Microsoft.Network/loadBalancers/ps9747/backendAddressPools/ps9747\",\r\n        \"etag\": \"W/\\\"3db0718f-a08e-44a3-b55e-952271c23173\\\"\",\r\n        \"properties\": {\r\n          \"provisioningState\": \"Succeeded\",\r\n          \"loadBalancingRules\": [\r\n            {\r\n              \"id\": \"/subscriptions/7fd08dcc-a653-4b0f-8f8c-4dac889fdda4/resourceGroups/ps9747/providers/Microsoft.Network/loadBalancers/ps9747/loadBalancingRules/ps974780\"\r\n            }\r\n          ]\r\n        }\r\n      }\r\n    ],\r\n    \"loadBalancingRules\": [\r\n      {\r\n        \"name\": \"ps974780\",\r\n        \"id\": \"/subscriptions/7fd08dcc-a653-4b0f-8f8c-4dac889fdda4/resourceGroups/ps9747/providers/Microsoft.Network/loadBalancers/ps9747/loadBalancingRules/ps974780\",\r\n        \"etag\": \"W/\\\"3db0718f-a08e-44a3-b55e-952271c23173\\\"\",\r\n        \"properties\": {\r\n          \"provisioningState\": \"Succeeded\",\r\n          \"frontendIPConfiguration\": {\r\n            \"id\": \"/subscriptions/7fd08dcc-a653-4b0f-8f8c-4dac889fdda4/resourceGroups/ps9747/providers/Microsoft.Network/loadBalancers/ps9747/frontendIPConfigurations/ps9747\"\r\n          },\r\n          \"frontendPort\": 80,\r\n          \"backendPort\": 80,\r\n          \"enableFloatingIP\": false,\r\n          \"idleTimeoutInMinutes\": 4,\r\n          \"protocol\": \"Tcp\",\r\n          \"loadDistribution\": \"Default\",\r\n          \"backendAddressPool\": {\r\n            \"id\": \"/subscriptions/7fd08dcc-a653-4b0f-8f8c-4dac889fdda4/resourceGroups/ps9747/providers/Microsoft.Network/loadBalancers/ps9747/backendAddressPools/ps9747\"\r\n          }\r\n        }\r\n      }\r\n    ],\r\n    \"probes\": [],\r\n    \"inboundNatRules\": [],\r\n    \"outboundNatRules\": [],\r\n    \"inboundNatPools\": [\r\n      {\r\n        \"name\": \"ps97473389\",\r\n        \"id\": \"/subscriptions/7fd08dcc-a653-4b0f-8f8c-4dac889fdda4/resourceGroups/ps9747/providers/Microsoft.Network/loadBalancers/ps9747/inboundNatPools/ps97473389\",\r\n        \"etag\": \"W/\\\"3db0718f-a08e-44a3-b55e-952271c23173\\\"\",\r\n        \"properties\": {\r\n          \"provisioningState\": \"Succeeded\",\r\n          \"frontendPortRangeStart\": 50000,\r\n          \"frontendPortRangeEnd\": 50002,\r\n          \"backendPort\": 3389,\r\n          \"protocol\": \"Tcp\",\r\n          \"frontendIPConfiguration\": {\r\n            \"id\": \"/subscriptions/7fd08dcc-a653-4b0f-8f8c-4dac889fdda4/resourceGroups/ps9747/providers/Microsoft.Network/loadBalancers/ps9747/frontendIPConfigurations/ps9747\"\r\n          }\r\n        }\r\n      },\r\n      {\r\n        \"name\": \"ps97475985\",\r\n        \"id\": \"/subscriptions/7fd08dcc-a653-4b0f-8f8c-4dac889fdda4/resourceGroups/ps9747/providers/Microsoft.Network/loadBalancers/ps9747/inboundNatPools/ps97475985\",\r\n        \"etag\": \"W/\\\"3db0718f-a08e-44a3-b55e-952271c23173\\\"\",\r\n        \"properties\": {\r\n          \"provisioningState\": \"Succeeded\",\r\n          \"frontendPortRangeStart\": 51000,\r\n          \"frontendPortRangeEnd\": 51002,\r\n          \"backendPort\": 5985,\r\n          \"protocol\": \"Tcp\",\r\n          \"frontendIPConfiguration\": {\r\n            \"id\": \"/subscriptions/7fd08dcc-a653-4b0f-8f8c-4dac889fdda4/resourceGroups/ps9747/providers/Microsoft.Network/loadBalancers/ps9747/frontendIPConfigurations/ps9747\"\r\n          }\r\n        }\r\n      }\r\n    ]\r\n  },\r\n  \"sku\": {\r\n    \"name\": \"Basic\"\r\n  }\r\n}",
      "ResponseHeaders": {
        "Content-Length": [
          "5094"
        ],
        "Content-Type": [
          "application/json; charset=utf-8"
        ],
        "Expires": [
          "-1"
        ],
        "Pragma": [
          "no-cache"
        ],
        "x-ms-request-id": [
          "b66b3dd2-8801-44bb-bfe2-4986c57429df"
        ],
        "Azure-AsyncOperation": [
          "https://management.azure.com/subscriptions/7fd08dcc-a653-4b0f-8f8c-4dac889fdda4/providers/Microsoft.Network/locations/eastus/operations/b66b3dd2-8801-44bb-bfe2-4986c57429df?api-version=2017-10-01"
        ],
        "Strict-Transport-Security": [
          "max-age=31536000; includeSubDomains"
        ],
        "Cache-Control": [
          "no-cache"
        ],
        "Server": [
          "Microsoft-HTTPAPI/2.0",
          "Microsoft-HTTPAPI/2.0"
        ],
        "x-ms-ratelimit-remaining-subscription-writes": [
          "1198"
        ],
        "x-ms-correlation-request-id": [
          "3f518fa7-ef2f-4ccd-92cb-5c0fd04ed5dc"
        ],
        "x-ms-routing-request-id": [
          "WESTUS2:20180301T023409Z:3f518fa7-ef2f-4ccd-92cb-5c0fd04ed5dc"
        ],
        "X-Content-Type-Options": [
          "nosniff"
        ],
        "Date": [
          "Thu, 01 Mar 2018 02:34:08 GMT"
        ]
      },
      "StatusCode": 201
    },
    {
      "RequestUri": "/subscriptions/7fd08dcc-a653-4b0f-8f8c-4dac889fdda4/resourceGroups/ps9747/providers/Microsoft.Compute/virtualMachineScaleSets/ps9747?api-version=2017-12-01",
      "EncodedRequestUri": "L3N1YnNjcmlwdGlvbnMvN2ZkMDhkY2MtYTY1My00YjBmLThmOGMtNGRhYzg4OWZkZGE0L3Jlc291cmNlR3JvdXBzL3BzOTc0Ny9wcm92aWRlcnMvTWljcm9zb2Z0LkNvbXB1dGUvdmlydHVhbE1hY2hpbmVTY2FsZVNldHMvcHM5NzQ3P2FwaS12ZXJzaW9uPTIwMTctMTItMDE=",
      "RequestMethod": "PUT",
      "RequestBody": "{\r\n  \"sku\": {\r\n    \"name\": \"Standard_DS1_v2\",\r\n    \"capacity\": 2\r\n  },\r\n  \"properties\": {\r\n    \"upgradePolicy\": {\r\n      \"mode\": \"Manual\"\r\n    },\r\n    \"virtualMachineProfile\": {\r\n      \"osProfile\": {\r\n        \"computerNamePrefix\": \"ps9747\",\r\n        \"adminUsername\": \"admin01\",\r\n        \"adminPassword\": \"werWER345#%^\",\r\n        \"windowsConfiguration\": {}\r\n      },\r\n      \"storageProfile\": {\r\n        \"imageReference\": {\r\n          \"publisher\": \"MicrosoftWindowsServer\",\r\n          \"offer\": \"WindowsServer\",\r\n          \"sku\": \"2016-Datacenter\",\r\n          \"version\": \"latest\"\r\n        }\r\n      },\r\n      \"networkProfile\": {\r\n        \"networkInterfaceConfigurations\": [\r\n          {\r\n            \"name\": \"ps9747\",\r\n            \"properties\": {\r\n              \"primary\": true,\r\n              \"ipConfigurations\": [\r\n                {\r\n                  \"name\": \"ps9747\",\r\n                  \"properties\": {\r\n                    \"subnet\": {\r\n                      \"id\": \"/subscriptions/7fd08dcc-a653-4b0f-8f8c-4dac889fdda4/resourceGroups/ps9747/providers/Microsoft.Network/virtualNetworks/ps9747/subnets/ps9747\"\r\n                    },\r\n                    \"loadBalancerBackendAddressPools\": [\r\n                      {\r\n                        \"id\": \"/subscriptions/7fd08dcc-a653-4b0f-8f8c-4dac889fdda4/resourceGroups/ps9747/providers/Microsoft.Network/loadBalancers/ps9747/backendAddressPools/ps9747\"\r\n                      }\r\n                    ]\r\n                  }\r\n                }\r\n              ]\r\n            }\r\n          }\r\n        ]\r\n      }\r\n    }\r\n  },\r\n  \"zones\": [],\r\n  \"location\": \"eastus\"\r\n}",
      "RequestHeaders": {
        "Content-Type": [
          "application/json; charset=utf-8"
        ],
        "Content-Length": [
          "1605"
        ],
        "x-ms-client-request-id": [
          "117deb25-eabc-46f9-992a-313868388db8"
        ],
        "accept-language": [
          "en-US"
        ],
        "User-Agent": [
          "FxVersion/4.7.2633.0",
          "OSName/Windows10Pro",
          "OSVersion/6.3.16299",
          "Microsoft.Azure.Management.Compute.ComputeManagementClient/17.3.0.0"
        ]
      },
      "ResponseBody": "{\r\n  \"sku\": {\r\n    \"name\": \"Standard_DS1_v2\",\r\n    \"tier\": \"Standard\",\r\n    \"capacity\": 2\r\n  },\r\n  \"properties\": {\r\n    \"singlePlacementGroup\": true,\r\n    \"upgradePolicy\": {\r\n      \"mode\": \"Manual\",\r\n      \"automaticOSUpgrade\": false\r\n    },\r\n    \"virtualMachineProfile\": {\r\n      \"osProfile\": {\r\n        \"computerNamePrefix\": \"ps9747\",\r\n        \"adminUsername\": \"admin01\",\r\n        \"windowsConfiguration\": {\r\n          \"provisionVMAgent\": true,\r\n          \"enableAutomaticUpdates\": true\r\n        },\r\n        \"secrets\": []\r\n      },\r\n      \"storageProfile\": {\r\n        \"osDisk\": {\r\n          \"createOption\": \"FromImage\",\r\n          \"caching\": \"None\",\r\n          \"managedDisk\": {\r\n            \"storageAccountType\": \"Premium_LRS\"\r\n          }\r\n        },\r\n        \"imageReference\": {\r\n          \"publisher\": \"MicrosoftWindowsServer\",\r\n          \"offer\": \"WindowsServer\",\r\n          \"sku\": \"2016-Datacenter\",\r\n          \"version\": \"latest\"\r\n        }\r\n      },\r\n      \"networkProfile\": {\r\n        \"networkInterfaceConfigurations\": [\r\n          {\r\n            \"name\": \"ps9747\",\r\n            \"properties\": {\r\n              \"primary\": true,\r\n              \"enableAcceleratedNetworking\": false,\r\n              \"dnsSettings\": {\r\n                \"dnsServers\": []\r\n              },\r\n              \"enableIPForwarding\": false,\r\n              \"ipConfigurations\": [\r\n                {\r\n                  \"name\": \"ps9747\",\r\n                  \"properties\": {\r\n                    \"subnet\": {\r\n                      \"id\": \"/subscriptions/7fd08dcc-a653-4b0f-8f8c-4dac889fdda4/resourceGroups/ps9747/providers/Microsoft.Network/virtualNetworks/ps9747/subnets/ps9747\"\r\n                    },\r\n                    \"privateIPAddressVersion\": \"IPv4\",\r\n                    \"loadBalancerBackendAddressPools\": [\r\n                      {\r\n                        \"id\": \"/subscriptions/7fd08dcc-a653-4b0f-8f8c-4dac889fdda4/resourceGroups/ps9747/providers/Microsoft.Network/loadBalancers/ps9747/backendAddressPools/ps9747\"\r\n                      }\r\n                    ]\r\n                  }\r\n                }\r\n              ]\r\n            }\r\n          }\r\n        ]\r\n      }\r\n    },\r\n    \"provisioningState\": \"Creating\",\r\n    \"overprovision\": true,\r\n    \"uniqueId\": \"6a3747d6-07c4-43e3-a9b0-de46b4de2198\"\r\n  },\r\n  \"type\": \"Microsoft.Compute/virtualMachineScaleSets\",\r\n  \"location\": \"eastus\",\r\n  \"id\": \"/subscriptions/7fd08dcc-a653-4b0f-8f8c-4dac889fdda4/resourceGroups/ps9747/providers/Microsoft.Compute/virtualMachineScaleSets/ps9747\",\r\n  \"name\": \"ps9747\"\r\n}",
      "ResponseHeaders": {
        "Content-Length": [
          "1987"
        ],
        "Content-Type": [
          "application/json; charset=utf-8"
        ],
        "Expires": [
          "-1"
        ],
        "Pragma": [
          "no-cache"
        ],
        "Azure-AsyncOperation": [
          "https://management.azure.com/subscriptions/7fd08dcc-a653-4b0f-8f8c-4dac889fdda4/providers/Microsoft.Compute/locations/eastus/operations/7e4147d5-288d-4cea-93f3-56965cd3a0ef?api-version=2017-12-01"
        ],
        "x-ms-ratelimit-remaining-resource": [
          "Microsoft.Compute/CreateVMScaleSet3Min;39,Microsoft.Compute/CreateVMScaleSet30Min;199,Microsoft.Compute/VMScaleSetBatchedVMRequests5Min;1196,Microsoft.Compute/VmssQueuedVMOperations;3596"
        ],
        "x-ms-request-charge": [
          "4"
        ],
        "Strict-Transport-Security": [
          "max-age=31536000; includeSubDomains"
        ],
        "x-ms-served-by": [
          "6b172966-f462-4e73-9838-e8ad9c69feec_131643344449468739"
        ],
        "x-ms-request-id": [
          "7e4147d5-288d-4cea-93f3-56965cd3a0ef"
        ],
        "Cache-Control": [
          "no-cache"
        ],
        "Server": [
          "Microsoft-HTTPAPI/2.0",
          "Microsoft-HTTPAPI/2.0"
        ],
        "x-ms-ratelimit-remaining-subscription-writes": [
          "1199"
        ],
        "x-ms-correlation-request-id": [
          "9186296b-581c-4714-944e-8b6973a480df"
        ],
        "x-ms-routing-request-id": [
          "WESTUS2:20180301T023412Z:9186296b-581c-4714-944e-8b6973a480df"
        ],
        "X-Content-Type-Options": [
          "nosniff"
        ],
        "Date": [
          "Thu, 01 Mar 2018 02:34:11 GMT"
        ]
      },
      "StatusCode": 201
    },
    {
      "RequestUri": "/subscriptions/7fd08dcc-a653-4b0f-8f8c-4dac889fdda4/providers/Microsoft.Compute/locations/eastus/operations/7e4147d5-288d-4cea-93f3-56965cd3a0ef?api-version=2017-12-01",
      "EncodedRequestUri": "L3N1YnNjcmlwdGlvbnMvN2ZkMDhkY2MtYTY1My00YjBmLThmOGMtNGRhYzg4OWZkZGE0L3Byb3ZpZGVycy9NaWNyb3NvZnQuQ29tcHV0ZS9sb2NhdGlvbnMvZWFzdHVzL29wZXJhdGlvbnMvN2U0MTQ3ZDUtMjg4ZC00Y2VhLTkzZjMtNTY5NjVjZDNhMGVmP2FwaS12ZXJzaW9uPTIwMTctMTItMDE=",
      "RequestMethod": "GET",
      "RequestBody": "",
      "RequestHeaders": {
        "User-Agent": [
          "FxVersion/4.7.2633.0",
          "OSName/Windows10Pro",
          "OSVersion/6.3.16299",
          "Microsoft.Azure.Management.Compute.ComputeManagementClient/17.3.0.0"
        ]
      },
      "ResponseBody": "{\r\n  \"startTime\": \"2018-02-28T18:34:11.3732479-08:00\",\r\n  \"status\": \"InProgress\",\r\n  \"name\": \"7e4147d5-288d-4cea-93f3-56965cd3a0ef\"\r\n}",
      "ResponseHeaders": {
        "Content-Length": [
          "134"
        ],
        "Content-Type": [
          "application/json; charset=utf-8"
        ],
        "Expires": [
          "-1"
        ],
        "Pragma": [
          "no-cache"
        ],
        "x-ms-ratelimit-remaining-resource": [
          "Microsoft.Compute/GetOperation3Min;11997,Microsoft.Compute/GetOperation30Min;23997"
        ],
        "Strict-Transport-Security": [
          "max-age=31536000; includeSubDomains"
        ],
        "x-ms-served-by": [
          "6b172966-f462-4e73-9838-e8ad9c69feec_131643344449468739"
        ],
        "x-ms-request-id": [
          "10df9aeb-8cb6-42bd-9536-cd518957fb07"
        ],
        "Cache-Control": [
          "no-cache"
        ],
        "Server": [
          "Microsoft-HTTPAPI/2.0",
          "Microsoft-HTTPAPI/2.0"
        ],
        "x-ms-ratelimit-remaining-subscription-reads": [
          "14998"
        ],
        "x-ms-correlation-request-id": [
          "ed137677-ea68-4b3b-8bae-8c91cd445da5"
        ],
        "x-ms-routing-request-id": [
          "WESTUS2:20180301T023449Z:ed137677-ea68-4b3b-8bae-8c91cd445da5"
        ],
        "X-Content-Type-Options": [
          "nosniff"
        ],
        "Date": [
          "Thu, 01 Mar 2018 02:34:48 GMT"
        ]
      },
      "StatusCode": 200
    },
    {
      "RequestUri": "/subscriptions/7fd08dcc-a653-4b0f-8f8c-4dac889fdda4/providers/Microsoft.Compute/locations/eastus/operations/7e4147d5-288d-4cea-93f3-56965cd3a0ef?api-version=2017-12-01",
      "EncodedRequestUri": "L3N1YnNjcmlwdGlvbnMvN2ZkMDhkY2MtYTY1My00YjBmLThmOGMtNGRhYzg4OWZkZGE0L3Byb3ZpZGVycy9NaWNyb3NvZnQuQ29tcHV0ZS9sb2NhdGlvbnMvZWFzdHVzL29wZXJhdGlvbnMvN2U0MTQ3ZDUtMjg4ZC00Y2VhLTkzZjMtNTY5NjVjZDNhMGVmP2FwaS12ZXJzaW9uPTIwMTctMTItMDE=",
      "RequestMethod": "GET",
      "RequestBody": "",
      "RequestHeaders": {
        "User-Agent": [
          "FxVersion/4.7.2633.0",
          "OSName/Windows10Pro",
          "OSVersion/6.3.16299",
          "Microsoft.Azure.Management.Compute.ComputeManagementClient/17.3.0.0"
        ]
      },
      "ResponseBody": "{\r\n  \"startTime\": \"2018-02-28T18:34:11.3732479-08:00\",\r\n  \"status\": \"InProgress\",\r\n  \"name\": \"7e4147d5-288d-4cea-93f3-56965cd3a0ef\"\r\n}",
      "ResponseHeaders": {
        "Content-Length": [
          "134"
        ],
        "Content-Type": [
          "application/json; charset=utf-8"
        ],
        "Expires": [
          "-1"
        ],
        "Pragma": [
          "no-cache"
        ],
        "x-ms-ratelimit-remaining-resource": [
          "Microsoft.Compute/GetOperation3Min;11994,Microsoft.Compute/GetOperation30Min;23994"
        ],
        "Strict-Transport-Security": [
          "max-age=31536000; includeSubDomains"
        ],
        "x-ms-served-by": [
          "6b172966-f462-4e73-9838-e8ad9c69feec_131643344449468739"
        ],
        "x-ms-request-id": [
          "bd71a63a-69ef-4e62-a529-85565c6cd3d3"
        ],
        "Cache-Control": [
          "no-cache"
        ],
        "Server": [
          "Microsoft-HTTPAPI/2.0",
          "Microsoft-HTTPAPI/2.0"
        ],
        "x-ms-ratelimit-remaining-subscription-reads": [
          "14997"
        ],
        "x-ms-correlation-request-id": [
          "d7b5a415-01e9-4c82-bca0-bf8deabdfdcd"
        ],
        "x-ms-routing-request-id": [
          "WESTUS2:20180301T023521Z:d7b5a415-01e9-4c82-bca0-bf8deabdfdcd"
        ],
        "X-Content-Type-Options": [
          "nosniff"
        ],
        "Date": [
          "Thu, 01 Mar 2018 02:35:20 GMT"
        ]
      },
      "StatusCode": 200
    },
    {
      "RequestUri": "/subscriptions/7fd08dcc-a653-4b0f-8f8c-4dac889fdda4/providers/Microsoft.Compute/locations/eastus/operations/7e4147d5-288d-4cea-93f3-56965cd3a0ef?api-version=2017-12-01",
      "EncodedRequestUri": "L3N1YnNjcmlwdGlvbnMvN2ZkMDhkY2MtYTY1My00YjBmLThmOGMtNGRhYzg4OWZkZGE0L3Byb3ZpZGVycy9NaWNyb3NvZnQuQ29tcHV0ZS9sb2NhdGlvbnMvZWFzdHVzL29wZXJhdGlvbnMvN2U0MTQ3ZDUtMjg4ZC00Y2VhLTkzZjMtNTY5NjVjZDNhMGVmP2FwaS12ZXJzaW9uPTIwMTctMTItMDE=",
      "RequestMethod": "GET",
      "RequestBody": "",
      "RequestHeaders": {
        "User-Agent": [
          "FxVersion/4.7.2633.0",
          "OSName/Windows10Pro",
          "OSVersion/6.3.16299",
          "Microsoft.Azure.Management.Compute.ComputeManagementClient/17.3.0.0"
        ]
      },
      "ResponseBody": "{\r\n  \"startTime\": \"2018-02-28T18:34:11.3732479-08:00\",\r\n  \"status\": \"InProgress\",\r\n  \"name\": \"7e4147d5-288d-4cea-93f3-56965cd3a0ef\"\r\n}",
      "ResponseHeaders": {
        "Content-Length": [
          "134"
        ],
        "Content-Type": [
          "application/json; charset=utf-8"
        ],
        "Expires": [
          "-1"
        ],
        "Pragma": [
          "no-cache"
        ],
        "x-ms-ratelimit-remaining-resource": [
          "Microsoft.Compute/GetOperation3Min;11991,Microsoft.Compute/GetOperation30Min;23991"
        ],
        "Strict-Transport-Security": [
          "max-age=31536000; includeSubDomains"
        ],
        "x-ms-served-by": [
          "6b172966-f462-4e73-9838-e8ad9c69feec_131643344449468739"
        ],
        "x-ms-request-id": [
          "b54351b6-e14f-4076-a5fb-fc4e552e7338"
        ],
        "Cache-Control": [
          "no-cache"
        ],
        "Server": [
          "Microsoft-HTTPAPI/2.0",
          "Microsoft-HTTPAPI/2.0"
        ],
        "x-ms-ratelimit-remaining-subscription-reads": [
          "14996"
        ],
        "x-ms-correlation-request-id": [
          "4c16e5bc-13c4-4d9c-8742-dd04468b9f97"
        ],
        "x-ms-routing-request-id": [
          "WESTUS2:20180301T023551Z:4c16e5bc-13c4-4d9c-8742-dd04468b9f97"
        ],
        "X-Content-Type-Options": [
          "nosniff"
        ],
        "Date": [
          "Thu, 01 Mar 2018 02:35:51 GMT"
        ]
      },
      "StatusCode": 200
    },
    {
      "RequestUri": "/subscriptions/7fd08dcc-a653-4b0f-8f8c-4dac889fdda4/providers/Microsoft.Compute/locations/eastus/operations/7e4147d5-288d-4cea-93f3-56965cd3a0ef?api-version=2017-12-01",
      "EncodedRequestUri": "L3N1YnNjcmlwdGlvbnMvN2ZkMDhkY2MtYTY1My00YjBmLThmOGMtNGRhYzg4OWZkZGE0L3Byb3ZpZGVycy9NaWNyb3NvZnQuQ29tcHV0ZS9sb2NhdGlvbnMvZWFzdHVzL29wZXJhdGlvbnMvN2U0MTQ3ZDUtMjg4ZC00Y2VhLTkzZjMtNTY5NjVjZDNhMGVmP2FwaS12ZXJzaW9uPTIwMTctMTItMDE=",
      "RequestMethod": "GET",
      "RequestBody": "",
      "RequestHeaders": {
        "User-Agent": [
          "FxVersion/4.7.2633.0",
          "OSName/Windows10Pro",
          "OSVersion/6.3.16299",
          "Microsoft.Azure.Management.Compute.ComputeManagementClient/17.3.0.0"
        ]
      },
      "ResponseBody": "{\r\n  \"startTime\": \"2018-02-28T18:34:11.3732479-08:00\",\r\n  \"status\": \"InProgress\",\r\n  \"name\": \"7e4147d5-288d-4cea-93f3-56965cd3a0ef\"\r\n}",
      "ResponseHeaders": {
        "Content-Length": [
          "134"
        ],
        "Content-Type": [
          "application/json; charset=utf-8"
        ],
        "Expires": [
          "-1"
        ],
        "Pragma": [
          "no-cache"
        ],
        "x-ms-ratelimit-remaining-resource": [
          "Microsoft.Compute/GetOperation3Min;11988,Microsoft.Compute/GetOperation30Min;23988"
        ],
        "Strict-Transport-Security": [
          "max-age=31536000; includeSubDomains"
        ],
        "x-ms-served-by": [
          "6b172966-f462-4e73-9838-e8ad9c69feec_131643344449468739"
        ],
        "x-ms-request-id": [
          "49b6da96-dd2d-458e-bc43-ef5b5c0a9e8f"
        ],
        "Cache-Control": [
          "no-cache"
        ],
        "Server": [
          "Microsoft-HTTPAPI/2.0",
          "Microsoft-HTTPAPI/2.0"
        ],
        "x-ms-ratelimit-remaining-subscription-reads": [
          "14995"
        ],
        "x-ms-correlation-request-id": [
          "4f872fbe-0c9d-4857-8a9c-d82a167bfce7"
        ],
        "x-ms-routing-request-id": [
          "WESTUS2:20180301T023625Z:4f872fbe-0c9d-4857-8a9c-d82a167bfce7"
        ],
        "X-Content-Type-Options": [
          "nosniff"
        ],
        "Date": [
          "Thu, 01 Mar 2018 02:36:24 GMT"
        ]
      },
      "StatusCode": 200
    },
    {
      "RequestUri": "/subscriptions/7fd08dcc-a653-4b0f-8f8c-4dac889fdda4/providers/Microsoft.Compute/locations/eastus/operations/7e4147d5-288d-4cea-93f3-56965cd3a0ef?api-version=2017-12-01",
      "EncodedRequestUri": "L3N1YnNjcmlwdGlvbnMvN2ZkMDhkY2MtYTY1My00YjBmLThmOGMtNGRhYzg4OWZkZGE0L3Byb3ZpZGVycy9NaWNyb3NvZnQuQ29tcHV0ZS9sb2NhdGlvbnMvZWFzdHVzL29wZXJhdGlvbnMvN2U0MTQ3ZDUtMjg4ZC00Y2VhLTkzZjMtNTY5NjVjZDNhMGVmP2FwaS12ZXJzaW9uPTIwMTctMTItMDE=",
      "RequestMethod": "GET",
      "RequestBody": "",
      "RequestHeaders": {
        "User-Agent": [
          "FxVersion/4.7.2633.0",
          "OSName/Windows10Pro",
          "OSVersion/6.3.16299",
          "Microsoft.Azure.Management.Compute.ComputeManagementClient/17.3.0.0"
        ]
      },
      "ResponseBody": "{\r\n  \"startTime\": \"2018-02-28T18:34:11.3732479-08:00\",\r\n  \"status\": \"InProgress\",\r\n  \"name\": \"7e4147d5-288d-4cea-93f3-56965cd3a0ef\"\r\n}",
      "ResponseHeaders": {
        "Content-Length": [
          "134"
        ],
        "Content-Type": [
          "application/json; charset=utf-8"
        ],
        "Expires": [
          "-1"
        ],
        "Pragma": [
          "no-cache"
        ],
        "x-ms-ratelimit-remaining-resource": [
          "Microsoft.Compute/GetOperation3Min;11985,Microsoft.Compute/GetOperation30Min;23985"
        ],
        "Strict-Transport-Security": [
          "max-age=31536000; includeSubDomains"
        ],
        "x-ms-served-by": [
          "6b172966-f462-4e73-9838-e8ad9c69feec_131643344449468739"
        ],
        "x-ms-request-id": [
          "d0472866-c8dd-4cbe-9931-624aed66805f"
        ],
        "Cache-Control": [
          "no-cache"
        ],
        "Server": [
          "Microsoft-HTTPAPI/2.0",
          "Microsoft-HTTPAPI/2.0"
        ],
        "x-ms-ratelimit-remaining-subscription-reads": [
          "14994"
        ],
        "x-ms-correlation-request-id": [
          "f474c243-4db9-4d9d-84ef-9941235811cc"
        ],
        "x-ms-routing-request-id": [
          "WESTUS2:20180301T023657Z:f474c243-4db9-4d9d-84ef-9941235811cc"
        ],
        "X-Content-Type-Options": [
          "nosniff"
        ],
        "Date": [
          "Thu, 01 Mar 2018 02:36:56 GMT"
        ]
      },
      "StatusCode": 200
    },
    {
      "RequestUri": "/subscriptions/7fd08dcc-a653-4b0f-8f8c-4dac889fdda4/providers/Microsoft.Compute/locations/eastus/operations/7e4147d5-288d-4cea-93f3-56965cd3a0ef?api-version=2017-12-01",
      "EncodedRequestUri": "L3N1YnNjcmlwdGlvbnMvN2ZkMDhkY2MtYTY1My00YjBmLThmOGMtNGRhYzg4OWZkZGE0L3Byb3ZpZGVycy9NaWNyb3NvZnQuQ29tcHV0ZS9sb2NhdGlvbnMvZWFzdHVzL29wZXJhdGlvbnMvN2U0MTQ3ZDUtMjg4ZC00Y2VhLTkzZjMtNTY5NjVjZDNhMGVmP2FwaS12ZXJzaW9uPTIwMTctMTItMDE=",
      "RequestMethod": "GET",
      "RequestBody": "",
      "RequestHeaders": {
        "User-Agent": [
          "FxVersion/4.7.2633.0",
          "OSName/Windows10Pro",
          "OSVersion/6.3.16299",
          "Microsoft.Azure.Management.Compute.ComputeManagementClient/17.3.0.0"
        ]
      },
      "ResponseBody": "{\r\n  \"startTime\": \"2018-02-28T18:34:11.3732479-08:00\",\r\n  \"status\": \"InProgress\",\r\n  \"name\": \"7e4147d5-288d-4cea-93f3-56965cd3a0ef\"\r\n}",
      "ResponseHeaders": {
        "Content-Length": [
          "134"
        ],
        "Content-Type": [
          "application/json; charset=utf-8"
        ],
        "Expires": [
          "-1"
        ],
        "Pragma": [
          "no-cache"
        ],
        "x-ms-ratelimit-remaining-resource": [
          "Microsoft.Compute/GetOperation3Min;11983,Microsoft.Compute/GetOperation30Min;23982"
        ],
        "Strict-Transport-Security": [
          "max-age=31536000; includeSubDomains"
        ],
        "x-ms-served-by": [
          "6b172966-f462-4e73-9838-e8ad9c69feec_131643344449468739"
        ],
        "x-ms-request-id": [
          "bc930fcc-9c70-43b6-897d-8b20a056831f"
        ],
        "Cache-Control": [
          "no-cache"
        ],
        "Server": [
          "Microsoft-HTTPAPI/2.0",
          "Microsoft-HTTPAPI/2.0"
        ],
        "x-ms-ratelimit-remaining-subscription-reads": [
          "14993"
        ],
        "x-ms-correlation-request-id": [
          "0c62f34a-b80b-4a49-9b5f-1f8db42e0b3a"
        ],
        "x-ms-routing-request-id": [
          "WESTUS2:20180301T023728Z:0c62f34a-b80b-4a49-9b5f-1f8db42e0b3a"
        ],
        "X-Content-Type-Options": [
          "nosniff"
        ],
        "Date": [
          "Thu, 01 Mar 2018 02:37:27 GMT"
        ]
      },
      "StatusCode": 200
    },
    {
      "RequestUri": "/subscriptions/7fd08dcc-a653-4b0f-8f8c-4dac889fdda4/providers/Microsoft.Compute/locations/eastus/operations/7e4147d5-288d-4cea-93f3-56965cd3a0ef?api-version=2017-12-01",
      "EncodedRequestUri": "L3N1YnNjcmlwdGlvbnMvN2ZkMDhkY2MtYTY1My00YjBmLThmOGMtNGRhYzg4OWZkZGE0L3Byb3ZpZGVycy9NaWNyb3NvZnQuQ29tcHV0ZS9sb2NhdGlvbnMvZWFzdHVzL29wZXJhdGlvbnMvN2U0MTQ3ZDUtMjg4ZC00Y2VhLTkzZjMtNTY5NjVjZDNhMGVmP2FwaS12ZXJzaW9uPTIwMTctMTItMDE=",
      "RequestMethod": "GET",
      "RequestBody": "",
      "RequestHeaders": {
        "User-Agent": [
          "FxVersion/4.7.2633.0",
          "OSName/Windows10Pro",
          "OSVersion/6.3.16299",
          "Microsoft.Azure.Management.Compute.ComputeManagementClient/17.3.0.0"
        ]
      },
      "ResponseBody": "{\r\n  \"startTime\": \"2018-02-28T18:34:11.3732479-08:00\",\r\n  \"status\": \"InProgress\",\r\n  \"name\": \"7e4147d5-288d-4cea-93f3-56965cd3a0ef\"\r\n}",
      "ResponseHeaders": {
        "Content-Length": [
          "134"
        ],
        "Content-Type": [
          "application/json; charset=utf-8"
        ],
        "Expires": [
          "-1"
        ],
        "Pragma": [
          "no-cache"
        ],
        "x-ms-ratelimit-remaining-resource": [
          "Microsoft.Compute/GetOperation3Min;11983,Microsoft.Compute/GetOperation30Min;23979"
        ],
        "Strict-Transport-Security": [
          "max-age=31536000; includeSubDomains"
        ],
        "x-ms-served-by": [
          "6b172966-f462-4e73-9838-e8ad9c69feec_131643344449468739"
        ],
        "x-ms-request-id": [
          "4d04f477-8614-4426-9c24-9272d2e993b2"
        ],
        "Cache-Control": [
          "no-cache"
        ],
        "Server": [
          "Microsoft-HTTPAPI/2.0",
          "Microsoft-HTTPAPI/2.0"
        ],
        "x-ms-ratelimit-remaining-subscription-reads": [
          "14992"
        ],
        "x-ms-correlation-request-id": [
          "19c25794-ea0e-4fd7-83ea-b076dac0bda0"
        ],
        "x-ms-routing-request-id": [
          "WESTUS2:20180301T023759Z:19c25794-ea0e-4fd7-83ea-b076dac0bda0"
        ],
        "X-Content-Type-Options": [
          "nosniff"
        ],
        "Date": [
          "Thu, 01 Mar 2018 02:37:58 GMT"
        ]
      },
      "StatusCode": 200
    },
    {
      "RequestUri": "/subscriptions/7fd08dcc-a653-4b0f-8f8c-4dac889fdda4/providers/Microsoft.Compute/locations/eastus/operations/7e4147d5-288d-4cea-93f3-56965cd3a0ef?api-version=2017-12-01",
      "EncodedRequestUri": "L3N1YnNjcmlwdGlvbnMvN2ZkMDhkY2MtYTY1My00YjBmLThmOGMtNGRhYzg4OWZkZGE0L3Byb3ZpZGVycy9NaWNyb3NvZnQuQ29tcHV0ZS9sb2NhdGlvbnMvZWFzdHVzL29wZXJhdGlvbnMvN2U0MTQ3ZDUtMjg4ZC00Y2VhLTkzZjMtNTY5NjVjZDNhMGVmP2FwaS12ZXJzaW9uPTIwMTctMTItMDE=",
      "RequestMethod": "GET",
      "RequestBody": "",
      "RequestHeaders": {
        "User-Agent": [
          "FxVersion/4.7.2633.0",
          "OSName/Windows10Pro",
          "OSVersion/6.3.16299",
          "Microsoft.Azure.Management.Compute.ComputeManagementClient/17.3.0.0"
        ]
      },
      "ResponseBody": "{\r\n  \"startTime\": \"2018-02-28T18:34:11.3732479-08:00\",\r\n  \"status\": \"InProgress\",\r\n  \"name\": \"7e4147d5-288d-4cea-93f3-56965cd3a0ef\"\r\n}",
      "ResponseHeaders": {
        "Content-Length": [
          "134"
        ],
        "Content-Type": [
          "application/json; charset=utf-8"
        ],
        "Expires": [
          "-1"
        ],
        "Pragma": [
          "no-cache"
        ],
        "x-ms-ratelimit-remaining-resource": [
          "Microsoft.Compute/GetOperation3Min;11983,Microsoft.Compute/GetOperation30Min;23976"
        ],
        "Strict-Transport-Security": [
          "max-age=31536000; includeSubDomains"
        ],
        "x-ms-served-by": [
          "6b172966-f462-4e73-9838-e8ad9c69feec_131643344449468739"
        ],
        "x-ms-request-id": [
          "30d2c6f1-6d79-47a6-86d7-4c659ba10a06"
        ],
        "Cache-Control": [
          "no-cache"
        ],
        "Server": [
          "Microsoft-HTTPAPI/2.0",
          "Microsoft-HTTPAPI/2.0"
        ],
        "x-ms-ratelimit-remaining-subscription-reads": [
          "14991"
        ],
        "x-ms-correlation-request-id": [
          "d0231cfa-48ad-4613-a7ed-b2d8e24d3bc8"
        ],
        "x-ms-routing-request-id": [
          "WESTUS2:20180301T023831Z:d0231cfa-48ad-4613-a7ed-b2d8e24d3bc8"
        ],
        "X-Content-Type-Options": [
          "nosniff"
        ],
        "Date": [
          "Thu, 01 Mar 2018 02:38:31 GMT"
        ]
      },
      "StatusCode": 200
    },
    {
      "RequestUri": "/subscriptions/7fd08dcc-a653-4b0f-8f8c-4dac889fdda4/providers/Microsoft.Compute/locations/eastus/operations/7e4147d5-288d-4cea-93f3-56965cd3a0ef?api-version=2017-12-01",
      "EncodedRequestUri": "L3N1YnNjcmlwdGlvbnMvN2ZkMDhkY2MtYTY1My00YjBmLThmOGMtNGRhYzg4OWZkZGE0L3Byb3ZpZGVycy9NaWNyb3NvZnQuQ29tcHV0ZS9sb2NhdGlvbnMvZWFzdHVzL29wZXJhdGlvbnMvN2U0MTQ3ZDUtMjg4ZC00Y2VhLTkzZjMtNTY5NjVjZDNhMGVmP2FwaS12ZXJzaW9uPTIwMTctMTItMDE=",
      "RequestMethod": "GET",
      "RequestBody": "",
      "RequestHeaders": {
        "User-Agent": [
          "FxVersion/4.7.2633.0",
          "OSName/Windows10Pro",
          "OSVersion/6.3.16299",
          "Microsoft.Azure.Management.Compute.ComputeManagementClient/17.3.0.0"
        ]
      },
      "ResponseBody": "{\r\n  \"startTime\": \"2018-02-28T18:34:11.3732479-08:00\",\r\n  \"endTime\": \"2018-02-28T18:38:37.3116127-08:00\",\r\n  \"status\": \"Succeeded\",\r\n  \"name\": \"7e4147d5-288d-4cea-93f3-56965cd3a0ef\"\r\n}",
      "ResponseHeaders": {
        "Content-Length": [
          "184"
        ],
        "Content-Type": [
          "application/json; charset=utf-8"
        ],
        "Expires": [
          "-1"
        ],
        "Pragma": [
          "no-cache"
        ],
        "x-ms-ratelimit-remaining-resource": [
          "Microsoft.Compute/GetOperation3Min;11986,Microsoft.Compute/GetOperation30Min;23974"
        ],
        "Strict-Transport-Security": [
          "max-age=31536000; includeSubDomains"
        ],
        "x-ms-served-by": [
          "6b172966-f462-4e73-9838-e8ad9c69feec_131643344449468739"
        ],
        "x-ms-request-id": [
          "2ad15e45-4cf0-4e38-9fdf-59af9dd8cc24"
        ],
        "Cache-Control": [
          "no-cache"
        ],
        "Server": [
          "Microsoft-HTTPAPI/2.0",
          "Microsoft-HTTPAPI/2.0"
        ],
        "x-ms-ratelimit-remaining-subscription-reads": [
          "14990"
        ],
        "x-ms-correlation-request-id": [
          "55444ab0-39d5-48f7-ae0c-ab28c3d459e3"
        ],
        "x-ms-routing-request-id": [
          "WESTUS2:20180301T023902Z:55444ab0-39d5-48f7-ae0c-ab28c3d459e3"
        ],
        "X-Content-Type-Options": [
          "nosniff"
        ],
        "Date": [
          "Thu, 01 Mar 2018 02:39:02 GMT"
        ]
      },
      "StatusCode": 200
    },
    {
      "RequestUri": "/subscriptions/7fd08dcc-a653-4b0f-8f8c-4dac889fdda4/resourcegroups/ps9747?api-version=2016-02-01",
      "EncodedRequestUri": "L3N1YnNjcmlwdGlvbnMvN2ZkMDhkY2MtYTY1My00YjBmLThmOGMtNGRhYzg4OWZkZGE0L3Jlc291cmNlZ3JvdXBzL3BzOTc0Nz9hcGktdmVyc2lvbj0yMDE2LTAyLTAx",
      "RequestMethod": "DELETE",
      "RequestBody": "",
      "RequestHeaders": {
        "User-Agent": [
          "Microsoft.Azure.Management.Resources.ResourceManagementClient/2.0.0.0"
        ]
      },
      "ResponseBody": "",
      "ResponseHeaders": {
        "Content-Length": [
          "0"
        ],
        "Expires": [
          "-1"
        ],
        "Pragma": [
          "no-cache"
        ],
        "Retry-After": [
          "15"
        ],
        "x-ms-ratelimit-remaining-subscription-writes": [
          "1199"
        ],
        "x-ms-request-id": [
          "13d86c8b-ced5-4fb4-a334-5db993dd8767"
        ],
        "x-ms-correlation-request-id": [
          "13d86c8b-ced5-4fb4-a334-5db993dd8767"
        ],
        "x-ms-routing-request-id": [
          "WESTUS2:20180301T023904Z:13d86c8b-ced5-4fb4-a334-5db993dd8767"
        ],
        "Strict-Transport-Security": [
          "max-age=31536000; includeSubDomains"
        ],
        "X-Content-Type-Options": [
          "nosniff"
        ],
        "Cache-Control": [
          "no-cache"
        ],
        "Date": [
          "Thu, 01 Mar 2018 02:39:04 GMT"
        ],
        "Location": [
          "https://management.azure.com/subscriptions/7fd08dcc-a653-4b0f-8f8c-4dac889fdda4/operationresults/eyJqb2JJZCI6IlJFU09VUkNFR1JPVVBERUxFVElPTkpPQi1QUzk3NDctRUFTVFVTIiwiam9iTG9jYXRpb24iOiJlYXN0dXMifQ?api-version=2016-02-01"
        ]
      },
      "StatusCode": 202
    },
    {
      "RequestUri": "/subscriptions/7fd08dcc-a653-4b0f-8f8c-4dac889fdda4/operationresults/eyJqb2JJZCI6IlJFU09VUkNFR1JPVVBERUxFVElPTkpPQi1QUzk3NDctRUFTVFVTIiwiam9iTG9jYXRpb24iOiJlYXN0dXMifQ?api-version=2016-02-01",
      "EncodedRequestUri": "L3N1YnNjcmlwdGlvbnMvN2ZkMDhkY2MtYTY1My00YjBmLThmOGMtNGRhYzg4OWZkZGE0L29wZXJhdGlvbnJlc3VsdHMvZXlKcWIySkpaQ0k2SWxKRlUwOVZVa05GUjFKUFZWQkVSVXhGVkVsUFRrcFBRaTFRVXprM05EY3RSVUZUVkZWVElpd2lhbTlpVEc5allYUnBiMjRpT2lKbFlYTjBkWE1pZlE/YXBpLXZlcnNpb249MjAxNi0wMi0wMQ==",
      "RequestMethod": "GET",
      "RequestBody": "",
      "RequestHeaders": {
        "x-ms-version": [
          "2016-02-01"
        ],
        "User-Agent": [
          "Microsoft.Azure.Management.Resources.ResourceManagementClient/2.0.0.0"
        ]
      },
      "ResponseBody": "",
      "ResponseHeaders": {
        "Content-Length": [
          "0"
        ],
        "Expires": [
          "-1"
        ],
        "Pragma": [
          "no-cache"
        ],
        "Retry-After": [
          "15"
        ],
        "x-ms-ratelimit-remaining-subscription-reads": [
          "14999"
        ],
        "x-ms-request-id": [
          "a1c409aa-f9e0-448a-9307-4c6520c3c2f1"
        ],
        "x-ms-correlation-request-id": [
          "a1c409aa-f9e0-448a-9307-4c6520c3c2f1"
        ],
        "x-ms-routing-request-id": [
          "WESTUS2:20180301T023904Z:a1c409aa-f9e0-448a-9307-4c6520c3c2f1"
        ],
        "Strict-Transport-Security": [
          "max-age=31536000; includeSubDomains"
        ],
        "X-Content-Type-Options": [
          "nosniff"
        ],
        "Cache-Control": [
          "no-cache"
        ],
        "Date": [
          "Thu, 01 Mar 2018 02:39:04 GMT"
        ],
        "Location": [
          "https://management.azure.com/subscriptions/7fd08dcc-a653-4b0f-8f8c-4dac889fdda4/operationresults/eyJqb2JJZCI6IlJFU09VUkNFR1JPVVBERUxFVElPTkpPQi1QUzk3NDctRUFTVFVTIiwiam9iTG9jYXRpb24iOiJlYXN0dXMifQ?api-version=2016-02-01"
        ]
      },
      "StatusCode": 202
    },
    {
      "RequestUri": "/subscriptions/7fd08dcc-a653-4b0f-8f8c-4dac889fdda4/operationresults/eyJqb2JJZCI6IlJFU09VUkNFR1JPVVBERUxFVElPTkpPQi1QUzk3NDctRUFTVFVTIiwiam9iTG9jYXRpb24iOiJlYXN0dXMifQ?api-version=2016-02-01",
      "EncodedRequestUri": "L3N1YnNjcmlwdGlvbnMvN2ZkMDhkY2MtYTY1My00YjBmLThmOGMtNGRhYzg4OWZkZGE0L29wZXJhdGlvbnJlc3VsdHMvZXlKcWIySkpaQ0k2SWxKRlUwOVZVa05GUjFKUFZWQkVSVXhGVkVsUFRrcFBRaTFRVXprM05EY3RSVUZUVkZWVElpd2lhbTlpVEc5allYUnBiMjRpT2lKbFlYTjBkWE1pZlE/YXBpLXZlcnNpb249MjAxNi0wMi0wMQ==",
      "RequestMethod": "GET",
      "RequestBody": "",
      "RequestHeaders": {
        "x-ms-version": [
          "2016-02-01"
        ],
        "User-Agent": [
          "Microsoft.Azure.Management.Resources.ResourceManagementClient/2.0.0.0"
        ]
      },
      "ResponseBody": "",
      "ResponseHeaders": {
        "Content-Length": [
          "0"
        ],
        "Expires": [
          "-1"
        ],
        "Pragma": [
          "no-cache"
        ],
        "Retry-After": [
          "15"
        ],
        "x-ms-ratelimit-remaining-subscription-reads": [
          "14998"
        ],
        "x-ms-request-id": [
          "d2e92b30-5d93-4276-ad35-11272ae6c035"
        ],
        "x-ms-correlation-request-id": [
          "d2e92b30-5d93-4276-ad35-11272ae6c035"
        ],
        "x-ms-routing-request-id": [
          "WESTUS2:20180301T023920Z:d2e92b30-5d93-4276-ad35-11272ae6c035"
        ],
        "Strict-Transport-Security": [
          "max-age=31536000; includeSubDomains"
        ],
        "X-Content-Type-Options": [
          "nosniff"
        ],
        "Cache-Control": [
          "no-cache"
        ],
        "Date": [
          "Thu, 01 Mar 2018 02:39:19 GMT"
        ],
        "Location": [
          "https://management.azure.com/subscriptions/7fd08dcc-a653-4b0f-8f8c-4dac889fdda4/operationresults/eyJqb2JJZCI6IlJFU09VUkNFR1JPVVBERUxFVElPTkpPQi1QUzk3NDctRUFTVFVTIiwiam9iTG9jYXRpb24iOiJlYXN0dXMifQ?api-version=2016-02-01"
        ]
      },
      "StatusCode": 202
    },
    {
      "RequestUri": "/subscriptions/7fd08dcc-a653-4b0f-8f8c-4dac889fdda4/operationresults/eyJqb2JJZCI6IlJFU09VUkNFR1JPVVBERUxFVElPTkpPQi1QUzk3NDctRUFTVFVTIiwiam9iTG9jYXRpb24iOiJlYXN0dXMifQ?api-version=2016-02-01",
      "EncodedRequestUri": "L3N1YnNjcmlwdGlvbnMvN2ZkMDhkY2MtYTY1My00YjBmLThmOGMtNGRhYzg4OWZkZGE0L29wZXJhdGlvbnJlc3VsdHMvZXlKcWIySkpaQ0k2SWxKRlUwOVZVa05GUjFKUFZWQkVSVXhGVkVsUFRrcFBRaTFRVXprM05EY3RSVUZUVkZWVElpd2lhbTlpVEc5allYUnBiMjRpT2lKbFlYTjBkWE1pZlE/YXBpLXZlcnNpb249MjAxNi0wMi0wMQ==",
      "RequestMethod": "GET",
      "RequestBody": "",
      "RequestHeaders": {
        "x-ms-version": [
          "2016-02-01"
        ],
        "User-Agent": [
          "Microsoft.Azure.Management.Resources.ResourceManagementClient/2.0.0.0"
        ]
      },
      "ResponseBody": "",
      "ResponseHeaders": {
        "Content-Length": [
          "0"
        ],
        "Expires": [
          "-1"
        ],
        "Pragma": [
          "no-cache"
        ],
        "Retry-After": [
          "15"
        ],
        "x-ms-ratelimit-remaining-subscription-reads": [
          "14997"
        ],
        "x-ms-request-id": [
          "17a52f55-10e3-4baa-857d-12cacc298ffb"
        ],
        "x-ms-correlation-request-id": [
          "17a52f55-10e3-4baa-857d-12cacc298ffb"
        ],
        "x-ms-routing-request-id": [
          "WESTUS2:20180301T023935Z:17a52f55-10e3-4baa-857d-12cacc298ffb"
        ],
        "Strict-Transport-Security": [
          "max-age=31536000; includeSubDomains"
        ],
        "X-Content-Type-Options": [
          "nosniff"
        ],
        "Cache-Control": [
          "no-cache"
        ],
        "Date": [
          "Thu, 01 Mar 2018 02:39:34 GMT"
        ],
        "Location": [
          "https://management.azure.com/subscriptions/7fd08dcc-a653-4b0f-8f8c-4dac889fdda4/operationresults/eyJqb2JJZCI6IlJFU09VUkNFR1JPVVBERUxFVElPTkpPQi1QUzk3NDctRUFTVFVTIiwiam9iTG9jYXRpb24iOiJlYXN0dXMifQ?api-version=2016-02-01"
        ]
      },
      "StatusCode": 202
    },
    {
      "RequestUri": "/subscriptions/7fd08dcc-a653-4b0f-8f8c-4dac889fdda4/operationresults/eyJqb2JJZCI6IlJFU09VUkNFR1JPVVBERUxFVElPTkpPQi1QUzk3NDctRUFTVFVTIiwiam9iTG9jYXRpb24iOiJlYXN0dXMifQ?api-version=2016-02-01",
      "EncodedRequestUri": "L3N1YnNjcmlwdGlvbnMvN2ZkMDhkY2MtYTY1My00YjBmLThmOGMtNGRhYzg4OWZkZGE0L29wZXJhdGlvbnJlc3VsdHMvZXlKcWIySkpaQ0k2SWxKRlUwOVZVa05GUjFKUFZWQkVSVXhGVkVsUFRrcFBRaTFRVXprM05EY3RSVUZUVkZWVElpd2lhbTlpVEc5allYUnBiMjRpT2lKbFlYTjBkWE1pZlE/YXBpLXZlcnNpb249MjAxNi0wMi0wMQ==",
      "RequestMethod": "GET",
      "RequestBody": "",
      "RequestHeaders": {
        "x-ms-version": [
          "2016-02-01"
        ],
        "User-Agent": [
          "Microsoft.Azure.Management.Resources.ResourceManagementClient/2.0.0.0"
        ]
      },
      "ResponseBody": "",
      "ResponseHeaders": {
        "Content-Length": [
          "0"
        ],
        "Expires": [
          "-1"
        ],
        "Pragma": [
          "no-cache"
        ],
        "Retry-After": [
          "15"
        ],
        "x-ms-ratelimit-remaining-subscription-reads": [
          "14996"
        ],
        "x-ms-request-id": [
          "e18ba332-5a0e-41d6-ae3a-d0970bc57191"
        ],
        "x-ms-correlation-request-id": [
          "e18ba332-5a0e-41d6-ae3a-d0970bc57191"
        ],
        "x-ms-routing-request-id": [
          "WESTUS2:20180301T023950Z:e18ba332-5a0e-41d6-ae3a-d0970bc57191"
        ],
        "Strict-Transport-Security": [
          "max-age=31536000; includeSubDomains"
        ],
        "X-Content-Type-Options": [
          "nosniff"
        ],
        "Cache-Control": [
          "no-cache"
        ],
        "Date": [
          "Thu, 01 Mar 2018 02:39:50 GMT"
        ],
        "Location": [
          "https://management.azure.com/subscriptions/7fd08dcc-a653-4b0f-8f8c-4dac889fdda4/operationresults/eyJqb2JJZCI6IlJFU09VUkNFR1JPVVBERUxFVElPTkpPQi1QUzk3NDctRUFTVFVTIiwiam9iTG9jYXRpb24iOiJlYXN0dXMifQ?api-version=2016-02-01"
        ]
      },
      "StatusCode": 202
    },
    {
      "RequestUri": "/subscriptions/7fd08dcc-a653-4b0f-8f8c-4dac889fdda4/operationresults/eyJqb2JJZCI6IlJFU09VUkNFR1JPVVBERUxFVElPTkpPQi1QUzk3NDctRUFTVFVTIiwiam9iTG9jYXRpb24iOiJlYXN0dXMifQ?api-version=2016-02-01",
      "EncodedRequestUri": "L3N1YnNjcmlwdGlvbnMvN2ZkMDhkY2MtYTY1My00YjBmLThmOGMtNGRhYzg4OWZkZGE0L29wZXJhdGlvbnJlc3VsdHMvZXlKcWIySkpaQ0k2SWxKRlUwOVZVa05GUjFKUFZWQkVSVXhGVkVsUFRrcFBRaTFRVXprM05EY3RSVUZUVkZWVElpd2lhbTlpVEc5allYUnBiMjRpT2lKbFlYTjBkWE1pZlE/YXBpLXZlcnNpb249MjAxNi0wMi0wMQ==",
      "RequestMethod": "GET",
      "RequestBody": "",
      "RequestHeaders": {
        "x-ms-version": [
          "2016-02-01"
        ],
        "User-Agent": [
          "Microsoft.Azure.Management.Resources.ResourceManagementClient/2.0.0.0"
        ]
      },
      "ResponseBody": "",
      "ResponseHeaders": {
        "Content-Length": [
          "0"
        ],
        "Expires": [
          "-1"
        ],
        "Pragma": [
          "no-cache"
        ],
        "Retry-After": [
          "15"
        ],
        "x-ms-ratelimit-remaining-subscription-reads": [
          "14995"
        ],
        "x-ms-request-id": [
          "ae16c09b-d287-4d1e-ac2a-3739f13fe266"
        ],
        "x-ms-correlation-request-id": [
          "ae16c09b-d287-4d1e-ac2a-3739f13fe266"
        ],
        "x-ms-routing-request-id": [
          "WESTUS2:20180301T024005Z:ae16c09b-d287-4d1e-ac2a-3739f13fe266"
        ],
        "Strict-Transport-Security": [
          "max-age=31536000; includeSubDomains"
        ],
        "X-Content-Type-Options": [
          "nosniff"
        ],
        "Cache-Control": [
          "no-cache"
        ],
        "Date": [
          "Thu, 01 Mar 2018 02:40:04 GMT"
        ],
        "Location": [
          "https://management.azure.com/subscriptions/7fd08dcc-a653-4b0f-8f8c-4dac889fdda4/operationresults/eyJqb2JJZCI6IlJFU09VUkNFR1JPVVBERUxFVElPTkpPQi1QUzk3NDctRUFTVFVTIiwiam9iTG9jYXRpb24iOiJlYXN0dXMifQ?api-version=2016-02-01"
        ]
      },
      "StatusCode": 202
    },
    {
      "RequestUri": "/subscriptions/7fd08dcc-a653-4b0f-8f8c-4dac889fdda4/operationresults/eyJqb2JJZCI6IlJFU09VUkNFR1JPVVBERUxFVElPTkpPQi1QUzk3NDctRUFTVFVTIiwiam9iTG9jYXRpb24iOiJlYXN0dXMifQ?api-version=2016-02-01",
      "EncodedRequestUri": "L3N1YnNjcmlwdGlvbnMvN2ZkMDhkY2MtYTY1My00YjBmLThmOGMtNGRhYzg4OWZkZGE0L29wZXJhdGlvbnJlc3VsdHMvZXlKcWIySkpaQ0k2SWxKRlUwOVZVa05GUjFKUFZWQkVSVXhGVkVsUFRrcFBRaTFRVXprM05EY3RSVUZUVkZWVElpd2lhbTlpVEc5allYUnBiMjRpT2lKbFlYTjBkWE1pZlE/YXBpLXZlcnNpb249MjAxNi0wMi0wMQ==",
      "RequestMethod": "GET",
      "RequestBody": "",
      "RequestHeaders": {
        "x-ms-version": [
          "2016-02-01"
        ],
        "User-Agent": [
          "Microsoft.Azure.Management.Resources.ResourceManagementClient/2.0.0.0"
        ]
      },
      "ResponseBody": "",
      "ResponseHeaders": {
        "Content-Length": [
          "0"
        ],
        "Expires": [
          "-1"
        ],
        "Pragma": [
          "no-cache"
        ],
        "Retry-After": [
          "15"
        ],
        "x-ms-ratelimit-remaining-subscription-reads": [
          "14994"
        ],
        "x-ms-request-id": [
          "dfbb7161-a1e6-4a4c-9e1e-6a6a901e1c8d"
        ],
        "x-ms-correlation-request-id": [
          "dfbb7161-a1e6-4a4c-9e1e-6a6a901e1c8d"
        ],
        "x-ms-routing-request-id": [
          "WESTUS2:20180301T024020Z:dfbb7161-a1e6-4a4c-9e1e-6a6a901e1c8d"
        ],
        "Strict-Transport-Security": [
          "max-age=31536000; includeSubDomains"
        ],
        "X-Content-Type-Options": [
          "nosniff"
        ],
        "Cache-Control": [
          "no-cache"
        ],
        "Date": [
          "Thu, 01 Mar 2018 02:40:20 GMT"
        ],
        "Location": [
          "https://management.azure.com/subscriptions/7fd08dcc-a653-4b0f-8f8c-4dac889fdda4/operationresults/eyJqb2JJZCI6IlJFU09VUkNFR1JPVVBERUxFVElPTkpPQi1QUzk3NDctRUFTVFVTIiwiam9iTG9jYXRpb24iOiJlYXN0dXMifQ?api-version=2016-02-01"
        ]
      },
      "StatusCode": 202
    },
    {
      "RequestUri": "/subscriptions/7fd08dcc-a653-4b0f-8f8c-4dac889fdda4/operationresults/eyJqb2JJZCI6IlJFU09VUkNFR1JPVVBERUxFVElPTkpPQi1QUzk3NDctRUFTVFVTIiwiam9iTG9jYXRpb24iOiJlYXN0dXMifQ?api-version=2016-02-01",
      "EncodedRequestUri": "L3N1YnNjcmlwdGlvbnMvN2ZkMDhkY2MtYTY1My00YjBmLThmOGMtNGRhYzg4OWZkZGE0L29wZXJhdGlvbnJlc3VsdHMvZXlKcWIySkpaQ0k2SWxKRlUwOVZVa05GUjFKUFZWQkVSVXhGVkVsUFRrcFBRaTFRVXprM05EY3RSVUZUVkZWVElpd2lhbTlpVEc5allYUnBiMjRpT2lKbFlYTjBkWE1pZlE/YXBpLXZlcnNpb249MjAxNi0wMi0wMQ==",
      "RequestMethod": "GET",
      "RequestBody": "",
      "RequestHeaders": {
        "x-ms-version": [
          "2016-02-01"
        ],
        "User-Agent": [
          "Microsoft.Azure.Management.Resources.ResourceManagementClient/2.0.0.0"
        ]
      },
      "ResponseBody": "",
      "ResponseHeaders": {
        "Content-Length": [
          "0"
        ],
        "Expires": [
          "-1"
        ],
        "Pragma": [
          "no-cache"
        ],
        "Retry-After": [
          "15"
        ],
        "x-ms-ratelimit-remaining-subscription-reads": [
          "14993"
        ],
        "x-ms-request-id": [
          "809410c2-666d-407c-8f5c-91d329245aaa"
        ],
        "x-ms-correlation-request-id": [
          "809410c2-666d-407c-8f5c-91d329245aaa"
        ],
        "x-ms-routing-request-id": [
          "WESTUS2:20180301T024035Z:809410c2-666d-407c-8f5c-91d329245aaa"
        ],
        "Strict-Transport-Security": [
          "max-age=31536000; includeSubDomains"
        ],
        "X-Content-Type-Options": [
          "nosniff"
        ],
        "Cache-Control": [
          "no-cache"
        ],
        "Date": [
          "Thu, 01 Mar 2018 02:40:35 GMT"
        ],
        "Location": [
          "https://management.azure.com/subscriptions/7fd08dcc-a653-4b0f-8f8c-4dac889fdda4/operationresults/eyJqb2JJZCI6IlJFU09VUkNFR1JPVVBERUxFVElPTkpPQi1QUzk3NDctRUFTVFVTIiwiam9iTG9jYXRpb24iOiJlYXN0dXMifQ?api-version=2016-02-01"
        ]
      },
      "StatusCode": 202
    },
    {
      "RequestUri": "/subscriptions/7fd08dcc-a653-4b0f-8f8c-4dac889fdda4/operationresults/eyJqb2JJZCI6IlJFU09VUkNFR1JPVVBERUxFVElPTkpPQi1QUzk3NDctRUFTVFVTIiwiam9iTG9jYXRpb24iOiJlYXN0dXMifQ?api-version=2016-02-01",
      "EncodedRequestUri": "L3N1YnNjcmlwdGlvbnMvN2ZkMDhkY2MtYTY1My00YjBmLThmOGMtNGRhYzg4OWZkZGE0L29wZXJhdGlvbnJlc3VsdHMvZXlKcWIySkpaQ0k2SWxKRlUwOVZVa05GUjFKUFZWQkVSVXhGVkVsUFRrcFBRaTFRVXprM05EY3RSVUZUVkZWVElpd2lhbTlpVEc5allYUnBiMjRpT2lKbFlYTjBkWE1pZlE/YXBpLXZlcnNpb249MjAxNi0wMi0wMQ==",
      "RequestMethod": "GET",
      "RequestBody": "",
      "RequestHeaders": {
        "x-ms-version": [
          "2016-02-01"
        ],
        "User-Agent": [
          "Microsoft.Azure.Management.Resources.ResourceManagementClient/2.0.0.0"
        ]
      },
      "ResponseBody": "",
      "ResponseHeaders": {
        "Content-Length": [
          "0"
        ],
        "Expires": [
          "-1"
        ],
        "Pragma": [
          "no-cache"
        ],
        "Retry-After": [
          "15"
        ],
        "x-ms-ratelimit-remaining-subscription-reads": [
          "14992"
        ],
        "x-ms-request-id": [
          "4f717991-008f-4744-a01b-0952e8414247"
        ],
        "x-ms-correlation-request-id": [
          "4f717991-008f-4744-a01b-0952e8414247"
        ],
        "x-ms-routing-request-id": [
          "WESTUS2:20180301T024051Z:4f717991-008f-4744-a01b-0952e8414247"
        ],
        "Strict-Transport-Security": [
          "max-age=31536000; includeSubDomains"
        ],
        "X-Content-Type-Options": [
          "nosniff"
        ],
        "Cache-Control": [
          "no-cache"
        ],
        "Date": [
          "Thu, 01 Mar 2018 02:40:50 GMT"
        ],
        "Location": [
          "https://management.azure.com/subscriptions/7fd08dcc-a653-4b0f-8f8c-4dac889fdda4/operationresults/eyJqb2JJZCI6IlJFU09VUkNFR1JPVVBERUxFVElPTkpPQi1QUzk3NDctRUFTVFVTIiwiam9iTG9jYXRpb24iOiJlYXN0dXMifQ?api-version=2016-02-01"
        ]
      },
      "StatusCode": 202
    },
    {
      "RequestUri": "/subscriptions/7fd08dcc-a653-4b0f-8f8c-4dac889fdda4/operationresults/eyJqb2JJZCI6IlJFU09VUkNFR1JPVVBERUxFVElPTkpPQi1QUzk3NDctRUFTVFVTIiwiam9iTG9jYXRpb24iOiJlYXN0dXMifQ?api-version=2016-02-01",
      "EncodedRequestUri": "L3N1YnNjcmlwdGlvbnMvN2ZkMDhkY2MtYTY1My00YjBmLThmOGMtNGRhYzg4OWZkZGE0L29wZXJhdGlvbnJlc3VsdHMvZXlKcWIySkpaQ0k2SWxKRlUwOVZVa05GUjFKUFZWQkVSVXhGVkVsUFRrcFBRaTFRVXprM05EY3RSVUZUVkZWVElpd2lhbTlpVEc5allYUnBiMjRpT2lKbFlYTjBkWE1pZlE/YXBpLXZlcnNpb249MjAxNi0wMi0wMQ==",
      "RequestMethod": "GET",
      "RequestBody": "",
      "RequestHeaders": {
        "x-ms-version": [
          "2016-02-01"
        ],
        "User-Agent": [
          "Microsoft.Azure.Management.Resources.ResourceManagementClient/2.0.0.0"
        ]
      },
      "ResponseBody": "",
      "ResponseHeaders": {
        "Content-Length": [
          "0"
        ],
        "Expires": [
          "-1"
        ],
        "Pragma": [
          "no-cache"
        ],
        "Retry-After": [
          "15"
        ],
        "x-ms-ratelimit-remaining-subscription-reads": [
          "14991"
        ],
        "x-ms-request-id": [
          "dd4f059d-f1ef-45fd-8fd7-72658c20002b"
        ],
        "x-ms-correlation-request-id": [
          "dd4f059d-f1ef-45fd-8fd7-72658c20002b"
        ],
        "x-ms-routing-request-id": [
          "WESTUS2:20180301T024106Z:dd4f059d-f1ef-45fd-8fd7-72658c20002b"
        ],
        "Strict-Transport-Security": [
          "max-age=31536000; includeSubDomains"
        ],
        "X-Content-Type-Options": [
          "nosniff"
        ],
        "Cache-Control": [
          "no-cache"
        ],
        "Date": [
          "Thu, 01 Mar 2018 02:41:05 GMT"
        ],
        "Location": [
          "https://management.azure.com/subscriptions/7fd08dcc-a653-4b0f-8f8c-4dac889fdda4/operationresults/eyJqb2JJZCI6IlJFU09VUkNFR1JPVVBERUxFVElPTkpPQi1QUzk3NDctRUFTVFVTIiwiam9iTG9jYXRpb24iOiJlYXN0dXMifQ?api-version=2016-02-01"
        ]
      },
      "StatusCode": 202
    },
    {
      "RequestUri": "/subscriptions/7fd08dcc-a653-4b0f-8f8c-4dac889fdda4/operationresults/eyJqb2JJZCI6IlJFU09VUkNFR1JPVVBERUxFVElPTkpPQi1QUzk3NDctRUFTVFVTIiwiam9iTG9jYXRpb24iOiJlYXN0dXMifQ?api-version=2016-02-01",
      "EncodedRequestUri": "L3N1YnNjcmlwdGlvbnMvN2ZkMDhkY2MtYTY1My00YjBmLThmOGMtNGRhYzg4OWZkZGE0L29wZXJhdGlvbnJlc3VsdHMvZXlKcWIySkpaQ0k2SWxKRlUwOVZVa05GUjFKUFZWQkVSVXhGVkVsUFRrcFBRaTFRVXprM05EY3RSVUZUVkZWVElpd2lhbTlpVEc5allYUnBiMjRpT2lKbFlYTjBkWE1pZlE/YXBpLXZlcnNpb249MjAxNi0wMi0wMQ==",
      "RequestMethod": "GET",
      "RequestBody": "",
      "RequestHeaders": {
        "x-ms-version": [
          "2016-02-01"
        ],
        "User-Agent": [
          "Microsoft.Azure.Management.Resources.ResourceManagementClient/2.0.0.0"
        ]
      },
      "ResponseBody": "",
      "ResponseHeaders": {
        "Content-Length": [
          "0"
        ],
        "Expires": [
          "-1"
        ],
        "Pragma": [
          "no-cache"
        ],
        "Retry-After": [
          "15"
        ],
        "x-ms-ratelimit-remaining-subscription-reads": [
          "14990"
        ],
        "x-ms-request-id": [
          "cb888848-9de4-4088-a146-ab698bbc40e9"
        ],
        "x-ms-correlation-request-id": [
          "cb888848-9de4-4088-a146-ab698bbc40e9"
        ],
        "x-ms-routing-request-id": [
          "WESTUS2:20180301T024121Z:cb888848-9de4-4088-a146-ab698bbc40e9"
        ],
        "Strict-Transport-Security": [
          "max-age=31536000; includeSubDomains"
        ],
        "X-Content-Type-Options": [
          "nosniff"
        ],
        "Cache-Control": [
          "no-cache"
        ],
        "Date": [
          "Thu, 01 Mar 2018 02:41:21 GMT"
        ],
        "Location": [
          "https://management.azure.com/subscriptions/7fd08dcc-a653-4b0f-8f8c-4dac889fdda4/operationresults/eyJqb2JJZCI6IlJFU09VUkNFR1JPVVBERUxFVElPTkpPQi1QUzk3NDctRUFTVFVTIiwiam9iTG9jYXRpb24iOiJlYXN0dXMifQ?api-version=2016-02-01"
        ]
      },
      "StatusCode": 202
    },
    {
      "RequestUri": "/subscriptions/7fd08dcc-a653-4b0f-8f8c-4dac889fdda4/operationresults/eyJqb2JJZCI6IlJFU09VUkNFR1JPVVBERUxFVElPTkpPQi1QUzk3NDctRUFTVFVTIiwiam9iTG9jYXRpb24iOiJlYXN0dXMifQ?api-version=2016-02-01",
      "EncodedRequestUri": "L3N1YnNjcmlwdGlvbnMvN2ZkMDhkY2MtYTY1My00YjBmLThmOGMtNGRhYzg4OWZkZGE0L29wZXJhdGlvbnJlc3VsdHMvZXlKcWIySkpaQ0k2SWxKRlUwOVZVa05GUjFKUFZWQkVSVXhGVkVsUFRrcFBRaTFRVXprM05EY3RSVUZUVkZWVElpd2lhbTlpVEc5allYUnBiMjRpT2lKbFlYTjBkWE1pZlE/YXBpLXZlcnNpb249MjAxNi0wMi0wMQ==",
      "RequestMethod": "GET",
      "RequestBody": "",
      "RequestHeaders": {
        "x-ms-version": [
          "2016-02-01"
        ],
        "User-Agent": [
          "Microsoft.Azure.Management.Resources.ResourceManagementClient/2.0.0.0"
        ]
      },
      "ResponseBody": "",
      "ResponseHeaders": {
        "Content-Length": [
          "0"
        ],
        "Expires": [
          "-1"
        ],
        "Pragma": [
          "no-cache"
        ],
        "Retry-After": [
          "15"
        ],
        "x-ms-ratelimit-remaining-subscription-reads": [
          "14989"
        ],
        "x-ms-request-id": [
          "ad6c83a4-534a-4425-882d-05b5ef24de42"
        ],
        "x-ms-correlation-request-id": [
          "ad6c83a4-534a-4425-882d-05b5ef24de42"
        ],
        "x-ms-routing-request-id": [
          "WESTUS2:20180301T024136Z:ad6c83a4-534a-4425-882d-05b5ef24de42"
        ],
        "Strict-Transport-Security": [
          "max-age=31536000; includeSubDomains"
        ],
        "X-Content-Type-Options": [
          "nosniff"
        ],
        "Cache-Control": [
          "no-cache"
        ],
        "Date": [
          "Thu, 01 Mar 2018 02:41:35 GMT"
        ],
        "Location": [
          "https://management.azure.com/subscriptions/7fd08dcc-a653-4b0f-8f8c-4dac889fdda4/operationresults/eyJqb2JJZCI6IlJFU09VUkNFR1JPVVBERUxFVElPTkpPQi1QUzk3NDctRUFTVFVTIiwiam9iTG9jYXRpb24iOiJlYXN0dXMifQ?api-version=2016-02-01"
        ]
      },
      "StatusCode": 202
    },
    {
      "RequestUri": "/subscriptions/7fd08dcc-a653-4b0f-8f8c-4dac889fdda4/operationresults/eyJqb2JJZCI6IlJFU09VUkNFR1JPVVBERUxFVElPTkpPQi1QUzk3NDctRUFTVFVTIiwiam9iTG9jYXRpb24iOiJlYXN0dXMifQ?api-version=2016-02-01",
      "EncodedRequestUri": "L3N1YnNjcmlwdGlvbnMvN2ZkMDhkY2MtYTY1My00YjBmLThmOGMtNGRhYzg4OWZkZGE0L29wZXJhdGlvbnJlc3VsdHMvZXlKcWIySkpaQ0k2SWxKRlUwOVZVa05GUjFKUFZWQkVSVXhGVkVsUFRrcFBRaTFRVXprM05EY3RSVUZUVkZWVElpd2lhbTlpVEc5allYUnBiMjRpT2lKbFlYTjBkWE1pZlE/YXBpLXZlcnNpb249MjAxNi0wMi0wMQ==",
      "RequestMethod": "GET",
      "RequestBody": "",
      "RequestHeaders": {
        "x-ms-version": [
          "2016-02-01"
        ],
        "User-Agent": [
          "Microsoft.Azure.Management.Resources.ResourceManagementClient/2.0.0.0"
        ]
      },
      "ResponseBody": "",
      "ResponseHeaders": {
        "Content-Length": [
          "0"
        ],
        "Expires": [
          "-1"
        ],
        "Pragma": [
          "no-cache"
        ],
        "Retry-After": [
          "15"
        ],
        "x-ms-ratelimit-remaining-subscription-reads": [
          "14988"
        ],
        "x-ms-request-id": [
          "f067791d-a41b-4c2d-81ed-82d6814757d6"
        ],
        "x-ms-correlation-request-id": [
          "f067791d-a41b-4c2d-81ed-82d6814757d6"
        ],
        "x-ms-routing-request-id": [
          "WESTUS2:20180301T024151Z:f067791d-a41b-4c2d-81ed-82d6814757d6"
        ],
        "Strict-Transport-Security": [
          "max-age=31536000; includeSubDomains"
        ],
        "X-Content-Type-Options": [
          "nosniff"
        ],
        "Cache-Control": [
          "no-cache"
        ],
        "Date": [
          "Thu, 01 Mar 2018 02:41:51 GMT"
        ],
        "Location": [
          "https://management.azure.com/subscriptions/7fd08dcc-a653-4b0f-8f8c-4dac889fdda4/operationresults/eyJqb2JJZCI6IlJFU09VUkNFR1JPVVBERUxFVElPTkpPQi1QUzk3NDctRUFTVFVTIiwiam9iTG9jYXRpb24iOiJlYXN0dXMifQ?api-version=2016-02-01"
        ]
      },
      "StatusCode": 202
    },
    {
      "RequestUri": "/subscriptions/7fd08dcc-a653-4b0f-8f8c-4dac889fdda4/operationresults/eyJqb2JJZCI6IlJFU09VUkNFR1JPVVBERUxFVElPTkpPQi1QUzk3NDctRUFTVFVTIiwiam9iTG9jYXRpb24iOiJlYXN0dXMifQ?api-version=2016-02-01",
      "EncodedRequestUri": "L3N1YnNjcmlwdGlvbnMvN2ZkMDhkY2MtYTY1My00YjBmLThmOGMtNGRhYzg4OWZkZGE0L29wZXJhdGlvbnJlc3VsdHMvZXlKcWIySkpaQ0k2SWxKRlUwOVZVa05GUjFKUFZWQkVSVXhGVkVsUFRrcFBRaTFRVXprM05EY3RSVUZUVkZWVElpd2lhbTlpVEc5allYUnBiMjRpT2lKbFlYTjBkWE1pZlE/YXBpLXZlcnNpb249MjAxNi0wMi0wMQ==",
      "RequestMethod": "GET",
      "RequestBody": "",
      "RequestHeaders": {
        "x-ms-version": [
          "2016-02-01"
        ],
        "User-Agent": [
          "Microsoft.Azure.Management.Resources.ResourceManagementClient/2.0.0.0"
        ]
      },
      "ResponseBody": "",
      "ResponseHeaders": {
        "Content-Length": [
          "0"
        ],
        "Expires": [
          "-1"
        ],
        "Pragma": [
          "no-cache"
        ],
        "Retry-After": [
          "15"
        ],
        "x-ms-ratelimit-remaining-subscription-reads": [
          "14987"
        ],
        "x-ms-request-id": [
          "334477a7-088d-4ed9-b319-478515d9eeef"
        ],
        "x-ms-correlation-request-id": [
          "334477a7-088d-4ed9-b319-478515d9eeef"
        ],
        "x-ms-routing-request-id": [
          "WESTUS2:20180301T024207Z:334477a7-088d-4ed9-b319-478515d9eeef"
        ],
        "Strict-Transport-Security": [
          "max-age=31536000; includeSubDomains"
        ],
        "X-Content-Type-Options": [
          "nosniff"
        ],
        "Cache-Control": [
          "no-cache"
        ],
        "Date": [
          "Thu, 01 Mar 2018 02:42:06 GMT"
        ],
        "Location": [
          "https://management.azure.com/subscriptions/7fd08dcc-a653-4b0f-8f8c-4dac889fdda4/operationresults/eyJqb2JJZCI6IlJFU09VUkNFR1JPVVBERUxFVElPTkpPQi1QUzk3NDctRUFTVFVTIiwiam9iTG9jYXRpb24iOiJlYXN0dXMifQ?api-version=2016-02-01"
        ]
      },
      "StatusCode": 202
    },
    {
      "RequestUri": "/subscriptions/7fd08dcc-a653-4b0f-8f8c-4dac889fdda4/operationresults/eyJqb2JJZCI6IlJFU09VUkNFR1JPVVBERUxFVElPTkpPQi1QUzk3NDctRUFTVFVTIiwiam9iTG9jYXRpb24iOiJlYXN0dXMifQ?api-version=2016-02-01",
      "EncodedRequestUri": "L3N1YnNjcmlwdGlvbnMvN2ZkMDhkY2MtYTY1My00YjBmLThmOGMtNGRhYzg4OWZkZGE0L29wZXJhdGlvbnJlc3VsdHMvZXlKcWIySkpaQ0k2SWxKRlUwOVZVa05GUjFKUFZWQkVSVXhGVkVsUFRrcFBRaTFRVXprM05EY3RSVUZUVkZWVElpd2lhbTlpVEc5allYUnBiMjRpT2lKbFlYTjBkWE1pZlE/YXBpLXZlcnNpb249MjAxNi0wMi0wMQ==",
      "RequestMethod": "GET",
      "RequestBody": "",
      "RequestHeaders": {
        "x-ms-version": [
          "2016-02-01"
        ],
        "User-Agent": [
          "Microsoft.Azure.Management.Resources.ResourceManagementClient/2.0.0.0"
        ]
      },
      "ResponseBody": "",
      "ResponseHeaders": {
        "Content-Length": [
          "0"
        ],
        "Expires": [
          "-1"
        ],
        "Pragma": [
          "no-cache"
        ],
        "Retry-After": [
          "15"
        ],
        "x-ms-ratelimit-remaining-subscription-reads": [
          "14986"
        ],
        "x-ms-request-id": [
          "fadb95f7-cb60-46c5-919b-943c174802a1"
        ],
        "x-ms-correlation-request-id": [
          "fadb95f7-cb60-46c5-919b-943c174802a1"
        ],
        "x-ms-routing-request-id": [
          "WESTUS2:20180301T024222Z:fadb95f7-cb60-46c5-919b-943c174802a1"
        ],
        "Strict-Transport-Security": [
          "max-age=31536000; includeSubDomains"
        ],
        "X-Content-Type-Options": [
          "nosniff"
        ],
        "Cache-Control": [
          "no-cache"
        ],
        "Date": [
          "Thu, 01 Mar 2018 02:42:22 GMT"
        ],
        "Location": [
          "https://management.azure.com/subscriptions/7fd08dcc-a653-4b0f-8f8c-4dac889fdda4/operationresults/eyJqb2JJZCI6IlJFU09VUkNFR1JPVVBERUxFVElPTkpPQi1QUzk3NDctRUFTVFVTIiwiam9iTG9jYXRpb24iOiJlYXN0dXMifQ?api-version=2016-02-01"
        ]
      },
      "StatusCode": 202
    },
    {
      "RequestUri": "/subscriptions/7fd08dcc-a653-4b0f-8f8c-4dac889fdda4/operationresults/eyJqb2JJZCI6IlJFU09VUkNFR1JPVVBERUxFVElPTkpPQi1QUzk3NDctRUFTVFVTIiwiam9iTG9jYXRpb24iOiJlYXN0dXMifQ?api-version=2016-02-01",
      "EncodedRequestUri": "L3N1YnNjcmlwdGlvbnMvN2ZkMDhkY2MtYTY1My00YjBmLThmOGMtNGRhYzg4OWZkZGE0L29wZXJhdGlvbnJlc3VsdHMvZXlKcWIySkpaQ0k2SWxKRlUwOVZVa05GUjFKUFZWQkVSVXhGVkVsUFRrcFBRaTFRVXprM05EY3RSVUZUVkZWVElpd2lhbTlpVEc5allYUnBiMjRpT2lKbFlYTjBkWE1pZlE/YXBpLXZlcnNpb249MjAxNi0wMi0wMQ==",
      "RequestMethod": "GET",
      "RequestBody": "",
      "RequestHeaders": {
        "x-ms-version": [
          "2016-02-01"
        ],
        "User-Agent": [
          "Microsoft.Azure.Management.Resources.ResourceManagementClient/2.0.0.0"
        ]
      },
      "ResponseBody": "",
      "ResponseHeaders": {
        "Content-Length": [
          "0"
        ],
        "Expires": [
          "-1"
        ],
        "Pragma": [
          "no-cache"
        ],
        "Retry-After": [
          "15"
        ],
        "x-ms-ratelimit-remaining-subscription-reads": [
          "14985"
        ],
        "x-ms-request-id": [
          "091e1b85-64d9-4aa3-9070-23a691f1ca7e"
        ],
        "x-ms-correlation-request-id": [
          "091e1b85-64d9-4aa3-9070-23a691f1ca7e"
        ],
        "x-ms-routing-request-id": [
          "WESTUS2:20180301T024237Z:091e1b85-64d9-4aa3-9070-23a691f1ca7e"
        ],
        "Strict-Transport-Security": [
          "max-age=31536000; includeSubDomains"
        ],
        "X-Content-Type-Options": [
          "nosniff"
        ],
        "Cache-Control": [
          "no-cache"
        ],
        "Date": [
          "Thu, 01 Mar 2018 02:42:36 GMT"
        ],
        "Location": [
          "https://management.azure.com/subscriptions/7fd08dcc-a653-4b0f-8f8c-4dac889fdda4/operationresults/eyJqb2JJZCI6IlJFU09VUkNFR1JPVVBERUxFVElPTkpPQi1QUzk3NDctRUFTVFVTIiwiam9iTG9jYXRpb24iOiJlYXN0dXMifQ?api-version=2016-02-01"
        ]
      },
      "StatusCode": 202
    },
    {
      "RequestUri": "/subscriptions/7fd08dcc-a653-4b0f-8f8c-4dac889fdda4/operationresults/eyJqb2JJZCI6IlJFU09VUkNFR1JPVVBERUxFVElPTkpPQi1QUzk3NDctRUFTVFVTIiwiam9iTG9jYXRpb24iOiJlYXN0dXMifQ?api-version=2016-02-01",
      "EncodedRequestUri": "L3N1YnNjcmlwdGlvbnMvN2ZkMDhkY2MtYTY1My00YjBmLThmOGMtNGRhYzg4OWZkZGE0L29wZXJhdGlvbnJlc3VsdHMvZXlKcWIySkpaQ0k2SWxKRlUwOVZVa05GUjFKUFZWQkVSVXhGVkVsUFRrcFBRaTFRVXprM05EY3RSVUZUVkZWVElpd2lhbTlpVEc5allYUnBiMjRpT2lKbFlYTjBkWE1pZlE/YXBpLXZlcnNpb249MjAxNi0wMi0wMQ==",
      "RequestMethod": "GET",
      "RequestBody": "",
      "RequestHeaders": {
        "x-ms-version": [
          "2016-02-01"
        ],
        "User-Agent": [
          "Microsoft.Azure.Management.Resources.ResourceManagementClient/2.0.0.0"
        ]
      },
      "ResponseBody": "",
      "ResponseHeaders": {
        "Content-Length": [
          "0"
        ],
        "Expires": [
          "-1"
        ],
        "Pragma": [
          "no-cache"
        ],
        "Retry-After": [
          "15"
        ],
        "x-ms-ratelimit-remaining-subscription-reads": [
          "14984"
        ],
        "x-ms-request-id": [
          "78367304-74f2-4812-ae15-cdb872117f66"
        ],
        "x-ms-correlation-request-id": [
          "78367304-74f2-4812-ae15-cdb872117f66"
        ],
        "x-ms-routing-request-id": [
          "WESTUS2:20180301T024252Z:78367304-74f2-4812-ae15-cdb872117f66"
        ],
        "Strict-Transport-Security": [
          "max-age=31536000; includeSubDomains"
        ],
        "X-Content-Type-Options": [
          "nosniff"
        ],
        "Cache-Control": [
          "no-cache"
        ],
        "Date": [
          "Thu, 01 Mar 2018 02:42:52 GMT"
        ],
        "Location": [
          "https://management.azure.com/subscriptions/7fd08dcc-a653-4b0f-8f8c-4dac889fdda4/operationresults/eyJqb2JJZCI6IlJFU09VUkNFR1JPVVBERUxFVElPTkpPQi1QUzk3NDctRUFTVFVTIiwiam9iTG9jYXRpb24iOiJlYXN0dXMifQ?api-version=2016-02-01"
        ]
      },
      "StatusCode": 202
    },
    {
      "RequestUri": "/subscriptions/7fd08dcc-a653-4b0f-8f8c-4dac889fdda4/operationresults/eyJqb2JJZCI6IlJFU09VUkNFR1JPVVBERUxFVElPTkpPQi1QUzk3NDctRUFTVFVTIiwiam9iTG9jYXRpb24iOiJlYXN0dXMifQ?api-version=2016-02-01",
      "EncodedRequestUri": "L3N1YnNjcmlwdGlvbnMvN2ZkMDhkY2MtYTY1My00YjBmLThmOGMtNGRhYzg4OWZkZGE0L29wZXJhdGlvbnJlc3VsdHMvZXlKcWIySkpaQ0k2SWxKRlUwOVZVa05GUjFKUFZWQkVSVXhGVkVsUFRrcFBRaTFRVXprM05EY3RSVUZUVkZWVElpd2lhbTlpVEc5allYUnBiMjRpT2lKbFlYTjBkWE1pZlE/YXBpLXZlcnNpb249MjAxNi0wMi0wMQ==",
      "RequestMethod": "GET",
      "RequestBody": "",
      "RequestHeaders": {
        "x-ms-version": [
          "2016-02-01"
        ],
        "User-Agent": [
          "Microsoft.Azure.Management.Resources.ResourceManagementClient/2.0.0.0"
        ]
      },
      "ResponseBody": "",
      "ResponseHeaders": {
        "Content-Length": [
          "0"
        ],
        "Expires": [
          "-1"
        ],
        "Pragma": [
          "no-cache"
        ],
        "Retry-After": [
          "15"
        ],
        "x-ms-ratelimit-remaining-subscription-reads": [
          "14983"
        ],
        "x-ms-request-id": [
          "b8fdda92-fe6f-4a00-8ddd-4fd1363f302f"
        ],
        "x-ms-correlation-request-id": [
          "b8fdda92-fe6f-4a00-8ddd-4fd1363f302f"
        ],
        "x-ms-routing-request-id": [
          "WESTUS2:20180301T024307Z:b8fdda92-fe6f-4a00-8ddd-4fd1363f302f"
        ],
        "Strict-Transport-Security": [
          "max-age=31536000; includeSubDomains"
        ],
        "X-Content-Type-Options": [
          "nosniff"
        ],
        "Cache-Control": [
          "no-cache"
        ],
        "Date": [
          "Thu, 01 Mar 2018 02:43:07 GMT"
        ],
        "Location": [
          "https://management.azure.com/subscriptions/7fd08dcc-a653-4b0f-8f8c-4dac889fdda4/operationresults/eyJqb2JJZCI6IlJFU09VUkNFR1JPVVBERUxFVElPTkpPQi1QUzk3NDctRUFTVFVTIiwiam9iTG9jYXRpb24iOiJlYXN0dXMifQ?api-version=2016-02-01"
        ]
      },
      "StatusCode": 202
    },
    {
      "RequestUri": "/subscriptions/7fd08dcc-a653-4b0f-8f8c-4dac889fdda4/operationresults/eyJqb2JJZCI6IlJFU09VUkNFR1JPVVBERUxFVElPTkpPQi1QUzk3NDctRUFTVFVTIiwiam9iTG9jYXRpb24iOiJlYXN0dXMifQ?api-version=2016-02-01",
      "EncodedRequestUri": "L3N1YnNjcmlwdGlvbnMvN2ZkMDhkY2MtYTY1My00YjBmLThmOGMtNGRhYzg4OWZkZGE0L29wZXJhdGlvbnJlc3VsdHMvZXlKcWIySkpaQ0k2SWxKRlUwOVZVa05GUjFKUFZWQkVSVXhGVkVsUFRrcFBRaTFRVXprM05EY3RSVUZUVkZWVElpd2lhbTlpVEc5allYUnBiMjRpT2lKbFlYTjBkWE1pZlE/YXBpLXZlcnNpb249MjAxNi0wMi0wMQ==",
      "RequestMethod": "GET",
      "RequestBody": "",
      "RequestHeaders": {
        "x-ms-version": [
          "2016-02-01"
        ],
        "User-Agent": [
          "Microsoft.Azure.Management.Resources.ResourceManagementClient/2.0.0.0"
        ]
      },
      "ResponseBody": "",
      "ResponseHeaders": {
        "Content-Length": [
          "0"
        ],
        "Expires": [
          "-1"
        ],
        "Pragma": [
          "no-cache"
        ],
        "Retry-After": [
          "15"
        ],
        "x-ms-ratelimit-remaining-subscription-reads": [
          "14982"
        ],
        "x-ms-request-id": [
          "b1417193-cba3-41e1-96f1-18237d5db6d9"
        ],
        "x-ms-correlation-request-id": [
          "b1417193-cba3-41e1-96f1-18237d5db6d9"
        ],
        "x-ms-routing-request-id": [
          "WESTUS2:20180301T024323Z:b1417193-cba3-41e1-96f1-18237d5db6d9"
        ],
        "Strict-Transport-Security": [
          "max-age=31536000; includeSubDomains"
        ],
        "X-Content-Type-Options": [
          "nosniff"
        ],
        "Cache-Control": [
          "no-cache"
        ],
        "Date": [
          "Thu, 01 Mar 2018 02:43:22 GMT"
        ],
        "Location": [
          "https://management.azure.com/subscriptions/7fd08dcc-a653-4b0f-8f8c-4dac889fdda4/operationresults/eyJqb2JJZCI6IlJFU09VUkNFR1JPVVBERUxFVElPTkpPQi1QUzk3NDctRUFTVFVTIiwiam9iTG9jYXRpb24iOiJlYXN0dXMifQ?api-version=2016-02-01"
        ]
      },
      "StatusCode": 202
    },
    {
      "RequestUri": "/subscriptions/7fd08dcc-a653-4b0f-8f8c-4dac889fdda4/operationresults/eyJqb2JJZCI6IlJFU09VUkNFR1JPVVBERUxFVElPTkpPQi1QUzk3NDctRUFTVFVTIiwiam9iTG9jYXRpb24iOiJlYXN0dXMifQ?api-version=2016-02-01",
      "EncodedRequestUri": "L3N1YnNjcmlwdGlvbnMvN2ZkMDhkY2MtYTY1My00YjBmLThmOGMtNGRhYzg4OWZkZGE0L29wZXJhdGlvbnJlc3VsdHMvZXlKcWIySkpaQ0k2SWxKRlUwOVZVa05GUjFKUFZWQkVSVXhGVkVsUFRrcFBRaTFRVXprM05EY3RSVUZUVkZWVElpd2lhbTlpVEc5allYUnBiMjRpT2lKbFlYTjBkWE1pZlE/YXBpLXZlcnNpb249MjAxNi0wMi0wMQ==",
      "RequestMethod": "GET",
      "RequestBody": "",
      "RequestHeaders": {
        "x-ms-version": [
          "2016-02-01"
        ],
        "User-Agent": [
          "Microsoft.Azure.Management.Resources.ResourceManagementClient/2.0.0.0"
        ]
      },
      "ResponseBody": "",
      "ResponseHeaders": {
        "Content-Length": [
          "0"
        ],
        "Expires": [
          "-1"
        ],
        "Pragma": [
          "no-cache"
        ],
        "x-ms-ratelimit-remaining-subscription-reads": [
          "14981"
        ],
        "x-ms-request-id": [
          "792d07e9-68d4-4276-8fa6-c32f0b8230f7"
        ],
        "x-ms-correlation-request-id": [
          "792d07e9-68d4-4276-8fa6-c32f0b8230f7"
        ],
        "x-ms-routing-request-id": [
          "WESTUS2:20180301T024338Z:792d07e9-68d4-4276-8fa6-c32f0b8230f7"
        ],
        "Strict-Transport-Security": [
          "max-age=31536000; includeSubDomains"
        ],
        "X-Content-Type-Options": [
          "nosniff"
        ],
        "Cache-Control": [
          "no-cache"
        ],
        "Date": [
          "Thu, 01 Mar 2018 02:43:37 GMT"
        ]
      },
      "StatusCode": 200
    }
  ],
  "Names": {
    "Test-SimpleNewVmss": [
      "ps9747"
    ]
  },
  "Variables": {
    "SubscriptionId": "7fd08dcc-a653-4b0f-8f8c-4dac889fdda4"
  }
}